0 verbose cli C:\Program Files\nodejs\node.exe C:\Program Files\nodejs\node_modules\npm\bin\npm-cli.js
1 info using npm@11.8.0
2 info using node@v24.13.1
3 silly config load:file:C:\Program Files\nodejs\node_modules\npm\npmrc
4 silly config load:file:E:\travel_agent\frontend\.npmrc
5 silly config load:file:C:\Users\Hello\.npmrc
6 silly config load:file:C:\Users\Hello\AppData\Roaming\npm\etc\npmrc
7 verbose title npm install
8 verbose argv "install" "--no-package-lock" "--no-audit" "--no-fund" "--cache" ".npm-cache"
9 verbose logfile logs-max:10 dir:E:\travel_agent\frontend\.npm-cache\_logs\2026-10-02T11_51_34_681Z-
10 verbose logfile E:\travel_agent\frontend\.npm-cache\_logs\2026-10-02T11_51_34_681Z-debug-0.log
11 silly logfile done cleaning log files
12 silly packumentCache heap:2348810240 maxSize:587202560 maxEntrySize:293601280
13 silly idealTree buildDeps
14 silly fetch manifest react@^18.3.1
15 silly packumentCache full:https://registry.npmjs.org/react cache-miss
16 http fetch GET 200 https://registry.npmjs.org/npm 852ms
17 http fetch GET 200 https://registry.npmjs.org/react 1185ms (cache miss)
18 silly packumentCache full:https://registry.npmjs.org/react set size:undefined disposed:false
19 silly fetch manifest react-dom@^18.3.1
20 silly packumentCache full:https://registry.npmjs.org/react-dom cache-miss
21 http fetch GET 200 https://registry.npmjs.org/react-dom 491ms (cache miss)
22 silly packumentCache full:https://registry.npmjs.org/react-dom set size:undefined disposed:false
23 silly fetch manifest @types/react@^18.3.12
24 silly packumentCache full:https://registry.npmjs.org/@types%2freact cache-miss
25 http fetch GET 200 https://registry.npmjs.org/@types%2freact 253ms (cache miss)
26 silly packumentCache full:https://registry.npmjs.org/@types%2freact set size:undefined disposed:false
27 silly fetch manifest @types/react-dom@^18.3.1
28 silly packumentCache full:https://registry.npmjs.org/@types%2freact-dom cache-miss
29 http fetch GET 200 https://registry.npmjs.org/@types%2freact-dom 155ms (cache miss)
30 silly packumentCache full:https://registry.npmjs.org/@types%2freact-dom set size:undefined disposed:false
31 silly fetch manifest @vitejs/plugin-react@^4.3.4
32 silly packumentCache full:https://registry.npmjs.org/@vitejs%2fplugin-react cache-miss
33 http fetch GET 200 https://registry.npmjs.org/@vitejs%2fplugin-react 142ms (cache miss)
34 silly packumentCache full:https://registry.npmjs.org/@vitejs%2fplugin-react set size:undefined disposed:false
35 silly fetch manifest vite@^5.4.11
36 silly packumentCache full:https://registry.npmjs.org/vite cache-miss
37 http fetch GET 200 https://registry.npmjs.org/vite 1285ms (cache miss)
38 silly packumentCache full:https://registry.npmjs.org/vite set size:undefined disposed:false
39 silly fetch manifest @types/node@^18.0.0 || >=20.0.0
40 silly packumentCache full:https://registry.npmjs.org/@types%2fnode cache-miss
41 http fetch GET 200 https://registry.npmjs.org/@types%2fnode 387ms (cache miss)
42 silly packumentCache full:https://registry.npmjs.org/@types%2fnode set size:undefined disposed:false
43 silly fetch manifest less@*
44 silly packumentCache full:https://registry.npmjs.org/less cache-miss
45 http fetch GET 200 https://registry.npmjs.org/less 201ms (cache miss)
46 silly packumentCache full:https://registry.npmjs.org/less set size:undefined disposed:false
47 silly fetch manifest lightningcss@^1.21.0
48 silly packumentCache full:https://registry.npmjs.org/lightningcss cache-miss
49 http fetch GET 200 https://registry.npmjs.org/lightningcss 112ms (cache miss)
50 silly packumentCache full:https://registry.npmjs.org/lightningcss set size:undefined disposed:false
51 silly fetch manifest sass@*
52 silly packumentCache full:https://registry.npmjs.org/sass cache-miss
53 http fetch GET 200 https://registry.npmjs.org/sass 227ms (cache miss)
54 silly packumentCache full:https://registry.npmjs.org/sass set size:undefined disposed:false
55 silly fetch manifest sass-embedded@*
56 silly packumentCache full:https://registry.npmjs.org/sass-embedded cache-miss
57 http fetch GET 200 https://registry.npmjs.org/sass-embedded 150ms (cache miss)
58 silly packumentCache full:https://registry.npmjs.org/sass-embedded set size:undefined disposed:false
59 silly fetch manifest stylus@*
60 silly packumentCache full:https://registry.npmjs.org/stylus cache-miss
61 http fetch GET 200 https://registry.npmjs.org/stylus 380ms (cache miss)
62 silly packumentCache full:https://registry.npmjs.org/stylus set size:undefined disposed:false
63 silly fetch manifest sugarss@*
64 silly packumentCache full:https://registry.npmjs.org/sugarss cache-miss
65 http fetch GET 200 https://registry.npmjs.org/sugarss 109ms (cache miss)
66 silly packumentCache full:https://registry.npmjs.org/sugarss set size:undefined disposed:false
67 silly fetch manifest postcss@^8.3.3
68 silly packumentCache full:https://registry.npmjs.org/postcss cache-miss
69 http fetch GET 200 https://registry.npmjs.org/postcss 143ms (cache miss)
70 silly packumentCache full:https://registry.npmjs.org/postcss set size:undefined disposed:false
71 silly fetch manifest terser@^5.4.0
72 silly packumentCache full:https://registry.npmjs.org/terser cache-miss
73 http fetch GET 200 https://registry.npmjs.org/terser 150ms (cache miss)
74 silly packumentCache full:https://registry.npmjs.org/terser set size:undefined disposed:false
75 silly fetch manifest typescript@^5.6.3
76 silly packumentCache full:https://registry.npmjs.org/typescript cache-miss
77 http fetch GET 200 https://registry.npmjs.org/typescript 705ms (cache miss)
78 silly packumentCache full:https://registry.npmjs.org/typescript set size:undefined disposed:false
79 silly placeDep ROOT @types/react@18.3.31 OK for: travel-agent-ui@1.0.0 want: ^18.3.12
80 silly placeDep ROOT @types/react-dom@18.3.7 OK for: travel-agent-ui@1.0.0 want: ^18.3.1
81 silly placeDep ROOT @vitejs/plugin-react@4.7.0 OK for: travel-agent-ui@1.0.0 want: ^4.3.4
82 silly placeDep ROOT vite@5.4.21 OK for: @vitejs/plugin-react@4.7.0 want: ^4.2.0 || ^5.0.0 || ^6.0.0 || ^7.0.0
83 silly placeDep ROOT react@18.3.1 OK for: travel-agent-ui@1.0.0 want: ^18.3.1
84 silly placeDep ROOT react-dom@18.3.1 OK for: travel-agent-ui@1.0.0 want: ^18.3.1
85 silly placeDep ROOT typescript@5.9.3 OK for: travel-agent-ui@1.0.0 want: ^5.6.3
86 silly fetch manifest csstype@^3.2.2
87 silly packumentCache full:https://registry.npmjs.org/csstype cache-miss
88 silly fetch manifest @types/prop-types@*
89 silly packumentCache full:https://registry.npmjs.org/@types%2fprop-types cache-miss
90 silly fetch manifest @babel/core@^7.28.0
91 silly packumentCache full:https://registry.npmjs.org/@babel%2fcore cache-miss
92 silly fetch manifest react-refresh@^0.17.0
93 silly packumentCache full:https://registry.npmjs.org/react-refresh cache-miss
94 silly fetch manifest @types/babel__core@^7.20.5
95 silly packumentCache full:https://registry.npmjs.org/@types%2fbabel__core cache-miss
96 silly fetch manifest @rolldown/pluginutils@1.0.0-beta.27
97 silly packumentCache full:https://registry.npmjs.org/@rolldown%2fpluginutils cache-miss
98 silly fetch manifest @babel/plugin-transform-react-jsx-self@^7.27.1
99 silly packumentCache full:https://registry.npmjs.org/@babel%2fplugin-transform-react-jsx-self cache-miss
100 http fetch GET 200 https://registry.npmjs.org/csstype 134ms (cache miss)
101 silly packumentCache full:https://registry.npmjs.org/csstype set size:undefined disposed:false
102 silly fetch manifest @babel/plugin-transform-react-jsx-source@^7.27.1
103 silly packumentCache full:https://registry.npmjs.org/@babel%2fplugin-transform-react-jsx-source cache-miss
104 http fetch GET 200 https://registry.npmjs.org/@babel%2fplugin-transform-react-jsx-source 214ms (cache miss)
105 silly packumentCache full:https://registry.npmjs.org/@babel%2fplugin-transform-react-jsx-source set size:undefined disposed:false
106 silly fetch manifest rollup@^4.20.0
107 silly packumentCache full:https://registry.npmjs.org/rollup cache-miss
108 http fetch GET 200 https://registry.npmjs.org/@babel%2fplugin-transform-react-jsx-self 534ms (cache miss)
109 silly packumentCache full:https://registry.npmjs.org/@babel%2fplugin-transform-react-jsx-self set size:undefined disposed:false
110 silly fetch manifest esbuild@^0.21.3
111 silly packumentCache full:https://registry.npmjs.org/esbuild cache-miss
112 http fetch GET 200 https://registry.npmjs.org/@types%2fbabel__core 561ms (cache miss)
113 silly packumentCache full:https://registry.npmjs.org/@types%2fbabel__core set size:undefined disposed:false
114 silly fetch manifest postcss@^8.4.43
115 silly packumentCache full:https://registry.npmjs.org/postcss cache-miss
116 http fetch GET 200 https://registry.npmjs.org/@rolldown%2fpluginutils 623ms (cache miss)
117 silly packumentCache full:https://registry.npmjs.org/@rolldown%2fpluginutils set size:undefined disposed:false
118 silly fetch manifest fsevents@~2.3.3
119 silly packumentCache full:https://registry.npmjs.org/fsevents cache-miss
120 http cache https://registry.npmjs.org/postcss 81ms (cache hit)
121 silly packumentCache full:https://registry.npmjs.org/postcss set size:766699 disposed:false
122 silly fetch manifest loose-envify@^1.1.0
123 silly packumentCache full:https://registry.npmjs.org/loose-envify cache-miss
124 http fetch GET 200 https://registry.npmjs.org/@babel%2fcore 686ms (cache miss)
125 silly packumentCache full:https://registry.npmjs.org/@babel%2fcore set size:undefined disposed:false
126 silly fetch manifest scheduler@^0.23.2
127 silly packumentCache full:https://registry.npmjs.org/scheduler cache-miss
128 http fetch GET 200 https://registry.npmjs.org/@types%2fprop-types 749ms (cache miss)
129 silly packumentCache full:https://registry.npmjs.org/@types%2fprop-types set size:undefined disposed:false
130 silly fetch manifest loose-envify@^1.1.0
131 silly packumentCache full:https://registry.npmjs.org/loose-envify cache-miss
132 http fetch GET 200 https://registry.npmjs.org/fsevents 179ms (cache miss)
133 silly packumentCache full:https://registry.npmjs.org/fsevents set size:undefined disposed:false
134 http fetch GET 200 https://registry.npmjs.org/loose-envify 181ms (cache miss)
135 silly packumentCache full:https://registry.npmjs.org/loose-envify set size:undefined disposed:false
136 http fetch GET 200 https://registry.npmjs.org/loose-envify 124ms (cache miss)
137 silly packumentCache full:https://registry.npmjs.org/loose-envify set size:undefined disposed:false
138 http fetch GET 200 https://registry.npmjs.org/esbuild 548ms (cache miss)
139 silly packumentCache full:https://registry.npmjs.org/esbuild set size:undefined disposed:false
140 http fetch GET 200 https://registry.npmjs.org/rollup 1021ms (cache miss)
141 silly packumentCache full:https://registry.npmjs.org/rollup set size:undefined disposed:false
142 http fetch GET 200 https://registry.npmjs.org/react-refresh 1691ms (cache miss)
143 silly packumentCache full:https://registry.npmjs.org/react-refresh set size:undefined disposed:false
144 http fetch GET 200 https://registry.npmjs.org/scheduler 1153ms (cache miss)
145 silly packumentCache full:https://registry.npmjs.org/scheduler set size:undefined disposed:false
146 silly placeDep ROOT @types/prop-types@15.7.15 OK for: @types/react@18.3.31 want: *
147 silly placeDep ROOT csstype@3.2.3 OK for: @types/react@18.3.31 want: ^3.2.2
148 silly placeDep ROOT @babel/core@7.29.7 OK for: @vitejs/plugin-react@4.7.0 want: ^7.28.0
149 silly placeDep ROOT @babel/plugin-transform-react-jsx-self@7.29.7 OK for: @vitejs/plugin-react@4.7.0 want: ^7.27.1
150 silly placeDep ROOT @babel/plugin-transform-react-jsx-source@7.29.7 OK for: @vitejs/plugin-react@4.7.0 want: ^7.27.1
151 silly placeDep ROOT @rolldown/pluginutils@1.0.0-beta.27 OK for: @vitejs/plugin-react@4.7.0 want: 1.0.0-beta.27
152 silly placeDep ROOT @types/babel__core@7.20.5 OK for: @vitejs/plugin-react@4.7.0 want: ^7.20.5
153 silly placeDep ROOT react-refresh@0.17.0 OK for: @vitejs/plugin-react@4.7.0 want: ^0.17.0
154 silly fetch manifest debug@^4.1.0
155 silly packumentCache full:https://registry.npmjs.org/debug cache-miss
156 silly fetch manifest json5@^2.2.3
157 silly packumentCache full:https://registry.npmjs.org/json5 cache-miss
158 silly fetch manifest semver@^6.3.1
159 silly packumentCache full:https://registry.npmjs.org/semver cache-miss
160 silly fetch manifest gensync@^1.0.0-beta.2
161 silly packumentCache full:https://registry.npmjs.org/gensync cache-miss
162 silly fetch manifest @babel/types@^7.29.7
163 silly packumentCache full:https://registry.npmjs.org/@babel%2ftypes cache-miss
164 silly fetch manifest @babel/parser@^7.29.7
165 silly packumentCache full:https://registry.npmjs.org/@babel%2fparser cache-miss
166 silly fetch manifest @babel/helpers@^7.29.7
167 silly packumentCache full:https://registry.npmjs.org/@babel%2fhelpers cache-miss
168 http fetch GET 200 https://registry.npmjs.org/gensync 141ms (cache miss)
169 silly packumentCache full:https://registry.npmjs.org/gensync set size:undefined disposed:false
170 silly fetch manifest @babel/template@^7.29.7
171 silly packumentCache full:https://registry.npmjs.org/@babel%2ftemplate cache-miss
172 http fetch GET 200 https://registry.npmjs.org/debug 191ms (cache miss)
173 silly packumentCache full:https://registry.npmjs.org/debug set size:undefined disposed:false
174 silly fetch manifest @babel/traverse@^7.29.7
175 silly packumentCache full:https://registry.npmjs.org/@babel%2ftraverse cache-miss
176 http fetch GET 200 https://registry.npmjs.org/json5 198ms (cache miss)
177 silly packumentCache full:https://registry.npmjs.org/json5 set size:undefined disposed:false
178 silly fetch manifest @babel/generator@^7.29.7
179 silly packumentCache full:https://registry.npmjs.org/@babel%2fgenerator cache-miss
180 http fetch GET 200 https://registry.npmjs.org/@babel%2ftypes 229ms (cache miss)
181 silly packumentCache full:https://registry.npmjs.org/@babel%2ftypes set size:undefined disposed:false
182 silly fetch manifest @babel/code-frame@^7.29.7
183 silly packumentCache full:https://registry.npmjs.org/@babel%2fcode-frame cache-miss
184 http fetch GET 200 https://registry.npmjs.org/semver 243ms (cache miss)
185 silly packumentCache full:https://registry.npmjs.org/semver set size:undefined disposed:false
186 silly fetch manifest convert-source-map@^2.0.0
187 silly packumentCache full:https://registry.npmjs.org/convert-source-map cache-miss
188 http fetch GET 200 https://registry.npmjs.org/@babel%2fhelpers 256ms (cache miss)
189 silly packumentCache full:https://registry.npmjs.org/@babel%2fhelpers set size:undefined disposed:false
190 silly fetch manifest @jridgewell/remapping@^2.3.5
191 silly packumentCache full:https://registry.npmjs.org/@jridgewell%2fremapping cache-miss
192 http fetch GET 200 https://registry.npmjs.org/@babel%2fparser 272ms (cache miss)
193 silly packumentCache full:https://registry.npmjs.org/@babel%2fparser set size:undefined disposed:false
194 silly fetch manifest @babel/helper-module-transforms@^7.29.7
195 silly packumentCache full:https://registry.npmjs.org/@babel%2fhelper-module-transforms cache-miss
196 http fetch GET 200 https://registry.npmjs.org/@babel%2ftemplate 159ms (cache miss)
197 silly packumentCache full:https://registry.npmjs.org/@babel%2ftemplate set size:undefined disposed:false
198 silly fetch manifest @babel/helper-compilation-targets@^7.29.7
199 silly packumentCache full:https://registry.npmjs.org/@babel%2fhelper-compilation-targets cache-miss
200 http fetch GET 200 https://registry.npmjs.org/convert-source-map 112ms (cache miss)
201 silly packumentCache full:https://registry.npmjs.org/convert-source-map set size:undefined disposed:false
202 silly fetch manifest @babel/helper-plugin-utils@^7.29.7
203 silly packumentCache full:https://registry.npmjs.org/@babel%2fhelper-plugin-utils cache-miss
204 http fetch GET 200 https://registry.npmjs.org/@babel%2fcode-frame 134ms (cache miss)
205 silly packumentCache full:https://registry.npmjs.org/@babel%2fcode-frame set size:undefined disposed:false
206 silly fetch manifest @babel/helper-plugin-utils@^7.29.7
207 silly packumentCache full:https://registry.npmjs.org/@babel%2fhelper-plugin-utils cache-miss
208 http fetch GET 200 https://registry.npmjs.org/@jridgewell%2fremapping 132ms (cache miss)
209 silly packumentCache full:https://registry.npmjs.org/@jridgewell%2fremapping set size:undefined disposed:false
210 silly fetch manifest @babel/types@^7.20.7
211 silly packumentCache full:https://registry.npmjs.org/@babel%2ftypes cache-miss
212 http cache https://registry.npmjs.org/@babel%2ftypes 36ms (cache hit)
213 silly packumentCache full:https://registry.npmjs.org/@babel%2ftypes set size:507562 disposed:false
214 silly fetch manifest @babel/parser@^7.20.7
215 silly packumentCache full:https://registry.npmjs.org/@babel%2fparser cache-miss
216 http fetch GET 200 https://registry.npmjs.org/@babel%2fhelper-compilation-targets 156ms (cache miss)
217 silly packumentCache full:https://registry.npmjs.org/@babel%2fhelper-compilation-targets set size:undefined disposed:false
218 silly fetch manifest @types/babel__template@*
219 silly packumentCache full:https://registry.npmjs.org/@types%2fbabel__template cache-miss
220 http fetch GET 200 https://registry.npmjs.org/@babel%2fhelper-module-transforms 187ms (cache miss)
221 silly packumentCache full:https://registry.npmjs.org/@babel%2fhelper-module-transforms set size:undefined disposed:false
222 silly fetch manifest @types/babel__traverse@*
223 silly packumentCache full:https://registry.npmjs.org/@types%2fbabel__traverse cache-miss
224 http cache https://registry.npmjs.org/@babel%2fparser 49ms (cache hit)
225 silly packumentCache full:https://registry.npmjs.org/@babel%2fparser set size:745724 disposed:false
226 silly fetch manifest @types/babel__generator@*
227 silly packumentCache full:https://registry.npmjs.org/@types%2fbabel__generator cache-miss
228 http fetch GET 200 https://registry.npmjs.org/@babel%2fhelper-plugin-utils 154ms (cache miss)
229 silly packumentCache full:https://registry.npmjs.org/@babel%2fhelper-plugin-utils set size:undefined disposed:false
230 http fetch GET 200 https://registry.npmjs.org/@babel%2fhelper-plugin-utils 179ms (cache miss)
231 silly packumentCache full:https://registry.npmjs.org/@babel%2fhelper-plugin-utils set size:undefined disposed:false
232 http fetch GET 200 https://registry.npmjs.org/@types%2fbabel__traverse 134ms (cache miss)
233 silly packumentCache full:https://registry.npmjs.org/@types%2fbabel__traverse set size:undefined disposed:false
234 http fetch GET 200 https://registry.npmjs.org/@types%2fbabel__template 150ms (cache miss)
235 silly packumentCache full:https://registry.npmjs.org/@types%2fbabel__template set size:undefined disposed:false
236 http fetch GET 200 https://registry.npmjs.org/@babel%2fgenerator 432ms (cache miss)
237 silly packumentCache full:https://registry.npmjs.org/@babel%2fgenerator set size:undefined disposed:false
238 http fetch GET 200 https://registry.npmjs.org/@types%2fbabel__generator 134ms (cache miss)
239 silly packumentCache full:https://registry.npmjs.org/@types%2fbabel__generator set size:undefined disposed:false
240 http fetch GET 200 https://registry.npmjs.org/@babel%2ftraverse 615ms (cache miss)
241 silly packumentCache full:https://registry.npmjs.org/@babel%2ftraverse set size:undefined disposed:false
242 silly fetch manifest @babel/core@^7.0.0
243 silly packumentCache full:https://registry.npmjs.org/@babel%2fcore cache-miss
244 http cache https://registry.npmjs.org/@babel%2fcore 27ms (cache hit)
245 silly packumentCache full:https://registry.npmjs.org/@babel%2fcore set size:797193 disposed:false
246 silly placeDep ROOT @babel/code-frame@7.29.7 OK for: @babel/core@7.29.7 want: ^7.29.7
247 silly placeDep ROOT @babel/generator@7.29.8 OK for: @babel/core@7.29.7 want: ^7.29.7
248 silly placeDep ROOT @babel/helper-compilation-targets@7.29.7 OK for: @babel/core@7.29.7 want: ^7.29.7
249 silly placeDep ROOT @babel/helper-module-transforms@7.29.7 OK for: @babel/core@7.29.7 want: ^7.29.7
250 silly placeDep ROOT @babel/helpers@7.29.7 OK for: @babel/core@7.29.7 want: ^7.29.7
251 silly placeDep ROOT @babel/parser@7.29.9 OK for: @babel/core@7.29.7 want: ^7.29.7
252 silly placeDep ROOT @babel/template@7.29.7 OK for: @babel/core@7.29.7 want: ^7.29.7
253 silly placeDep ROOT @babel/traverse@7.29.8 OK for: @babel/core@7.29.7 want: ^7.29.7
254 silly placeDep ROOT @babel/types@7.29.8 OK for: @babel/core@7.29.7 want: ^7.29.7
255 silly placeDep ROOT @jridgewell/remapping@2.3.5 OK for: @babel/core@7.29.7 want: ^2.3.5
256 silly placeDep ROOT convert-source-map@2.0.0 OK for: @babel/core@7.29.7 want: ^2.0.0
257 silly placeDep ROOT debug@4.4.3 OK for: @babel/core@7.29.7 want: ^4.1.0
258 silly placeDep ROOT gensync@1.0.0-beta.2 OK for: @babel/core@7.29.7 want: ^1.0.0-beta.2
259 silly placeDep ROOT json5@2.2.3 OK for: @babel/core@7.29.7 want: ^2.2.3
260 silly placeDep ROOT semver@6.3.1 OK for: @babel/core@7.29.7 want: ^6.3.1
261 silly fetch manifest js-tokens@^4.0.0
262 silly packumentCache full:https://registry.npmjs.org/js-tokens cache-miss
263 silly fetch manifest picocolors@^1.1.1
264 silly packumentCache full:https://registry.npmjs.org/picocolors cache-miss
265 silly fetch manifest @babel/helper-validator-identifier@^7.29.7
266 silly packumentCache full:https://registry.npmjs.org/@babel%2fhelper-validator-identifier cache-miss
267 silly fetch manifest jsesc@^3.0.2
268 silly packumentCache full:https://registry.npmjs.org/jsesc cache-miss
269 silly fetch manifest @babel/types@^7.29.8
270 silly packumentCache full:https://registry.npmjs.org/@babel%2ftypes cache-hit
271 silly fetch manifest @babel/parser@^7.29.8
272 silly packumentCache full:https://registry.npmjs.org/@babel%2fparser cache-hit
273 silly fetch manifest @jridgewell/gen-mapping@^0.3.12
274 silly packumentCache full:https://registry.npmjs.org/@jridgewell%2fgen-mapping cache-miss
275 silly fetch manifest @jridgewell/trace-mapping@^0.3.28
276 silly packumentCache full:https://registry.npmjs.org/@jridgewell%2ftrace-mapping cache-miss
277 silly fetch manifest lru-cache@^5.1.1
278 silly packumentCache full:https://registry.npmjs.org/lru-cache cache-miss
279 http fetch GET 200 https://registry.npmjs.org/picocolors 121ms (cache miss)
280 silly packumentCache full:https://registry.npmjs.org/picocolors set size:undefined disposed:false
281 silly fetch manifest browserslist@^4.24.0
282 silly packumentCache full:https://registry.npmjs.org/browserslist cache-miss
283 http fetch GET 200 https://registry.npmjs.org/@babel%2fhelper-validator-identifier 141ms (cache miss)
284 silly packumentCache full:https://registry.npmjs.org/@babel%2fhelper-validator-identifier set size:undefined disposed:false
285 silly fetch manifest @babel/compat-data@^7.29.7
286 silly packumentCache full:https://registry.npmjs.org/@babel%2fcompat-data cache-miss
287 http fetch GET 200 https://registry.npmjs.org/@jridgewell%2fgen-mapping 197ms (cache miss)
288 silly packumentCache full:https://registry.npmjs.org/@jridgewell%2fgen-mapping set size:undefined disposed:false
289 silly fetch manifest @babel/helper-validator-option@^7.29.7
290 silly packumentCache full:https://registry.npmjs.org/@babel%2fhelper-validator-option cache-miss
291 http fetch GET 200 https://registry.npmjs.org/jsesc 205ms (cache miss)
292 silly packumentCache full:https://registry.npmjs.org/jsesc set size:undefined disposed:false
293 silly fetch manifest @babel/helper-module-imports@^7.29.7
294 silly packumentCache full:https://registry.npmjs.org/@babel%2fhelper-module-imports cache-miss
295 http fetch GET 200 https://registry.npmjs.org/lru-cache 202ms (cache miss)
296 silly packumentCache full:https://registry.npmjs.org/lru-cache set size:undefined disposed:false
297 silly fetch manifest debug@^4.3.1
298 silly packumentCache full:https://registry.npmjs.org/debug cache-miss
299 http fetch GET 200 https://registry.npmjs.org/@jridgewell%2ftrace-mapping 223ms (cache miss)
300 silly packumentCache full:https://registry.npmjs.org/@jridgewell%2ftrace-mapping set size:undefined disposed:false
301 silly fetch manifest @babel/helper-globals@^7.29.7
302 silly packumentCache full:https://registry.npmjs.org/@babel%2fhelper-globals cache-miss
303 http cache https://registry.npmjs.org/debug 39ms (cache hit)
304 silly packumentCache full:https://registry.npmjs.org/debug set size:195840 disposed:false
305 silly fetch manifest @babel/helper-string-parser@^7.29.7
306 silly packumentCache full:https://registry.npmjs.org/@babel%2fhelper-string-parser cache-miss
307 http fetch GET 200 https://registry.npmjs.org/@babel%2fcompat-data 145ms (cache miss)
308 silly packumentCache full:https://registry.npmjs.org/@babel%2fcompat-data set size:undefined disposed:false
309 silly fetch manifest @jridgewell/gen-mapping@^0.3.5
310 silly packumentCache full:https://registry.npmjs.org/@jridgewell%2fgen-mapping cache-miss
311 http fetch GET 200 https://registry.npmjs.org/browserslist 181ms (cache miss)
312 silly packumentCache full:https://registry.npmjs.org/browserslist set size:undefined disposed:false
313 silly fetch manifest @jridgewell/trace-mapping@^0.3.24
314 silly packumentCache full:https://registry.npmjs.org/@jridgewell%2ftrace-mapping cache-miss
315 http cache https://registry.npmjs.org/@jridgewell%2fgen-mapping 27ms (cache hit)
316 silly packumentCache full:https://registry.npmjs.org/@jridgewell%2fgen-mapping set size:75941 disposed:false
317 silly fetch manifest ms@^2.1.3
318 silly packumentCache full:https://registry.npmjs.org/ms cache-miss
319 http cache https://registry.npmjs.org/@jridgewell%2ftrace-mapping 29ms (cache hit)
320 silly packumentCache full:https://registry.npmjs.org/@jridgewell%2ftrace-mapping set size:170909 disposed:false
321 http fetch GET 200 https://registry.npmjs.org/js-tokens 385ms (cache miss)
322 silly packumentCache full:https://registry.npmjs.org/js-tokens set size:undefined disposed:false
323 http fetch GET 200 https://registry.npmjs.org/@babel%2fhelper-globals 147ms (cache miss)
324 silly packumentCache full:https://registry.npmjs.org/@babel%2fhelper-globals set size:undefined disposed:false
325 http fetch GET 200 https://registry.npmjs.org/@babel%2fhelper-module-imports 183ms (cache miss)
326 silly packumentCache full:https://registry.npmjs.org/@babel%2fhelper-module-imports set size:undefined disposed:false
327 http fetch GET 200 https://registry.npmjs.org/@babel%2fhelper-string-parser 136ms (cache miss)
328 silly packumentCache full:https://registry.npmjs.org/@babel%2fhelper-string-parser set size:undefined disposed:false
329 http fetch GET 200 https://registry.npmjs.org/ms 117ms (cache miss)
330 silly packumentCache full:https://registry.npmjs.org/ms set size:undefined disposed:false
331 http fetch GET 200 https://registry.npmjs.org/@babel%2fhelper-validator-option 673ms (cache miss)
332 silly packumentCache full:https://registry.npmjs.org/@babel%2fhelper-validator-option set size:undefined disposed:false
333 silly placeDep ROOT @babel/helper-validator-identifier@7.29.7 OK for: @babel/code-frame@7.29.7 want: ^7.29.7
334 silly placeDep ROOT js-tokens@4.0.0 OK for: @babel/code-frame@7.29.7 want: ^4.0.0
335 silly placeDep ROOT picocolors@1.1.1 OK for: @babel/code-frame@7.29.7 want: ^1.1.1
336 silly placeDep ROOT @jridgewell/gen-mapping@0.3.13 OK for: @babel/generator@7.29.8 want: ^0.3.12
337 silly placeDep ROOT @jridgewell/trace-mapping@0.3.31 OK for: @babel/generator@7.29.8 want: ^0.3.28
338 silly placeDep ROOT jsesc@3.1.0 OK for: @babel/generator@7.29.8 want: ^3.0.2
339 silly fetch manifest @jridgewell/sourcemap-codec@^1.5.0
340 silly packumentCache full:https://registry.npmjs.org/@jridgewell%2fsourcemap-codec cache-miss
341 silly fetch manifest @jridgewell/resolve-uri@^3.1.0
342 silly packumentCache full:https://registry.npmjs.org/@jridgewell%2fresolve-uri cache-miss
343 silly fetch manifest @jridgewell/sourcemap-codec@^1.4.14
344 silly packumentCache full:https://registry.npmjs.org/@jridgewell%2fsourcemap-codec cache-miss
345 http fetch GET 200 https://registry.npmjs.org/@jridgewell%2fsourcemap-codec 124ms (cache miss)
346 silly packumentCache full:https://registry.npmjs.org/@jridgewell%2fsourcemap-codec set size:undefined disposed:false
347 http fetch GET 200 https://registry.npmjs.org/@jridgewell%2fsourcemap-codec 133ms (cache miss)
348 silly packumentCache full:https://registry.npmjs.org/@jridgewell%2fsourcemap-codec set size:undefined disposed:false
349 http fetch GET 200 https://registry.npmjs.org/@jridgewell%2fresolve-uri 138ms (cache miss)
350 silly packumentCache full:https://registry.npmjs.org/@jridgewell%2fresolve-uri set size:undefined disposed:false
351 silly placeDep ROOT @babel/compat-data@7.29.7 OK for: @babel/helper-compilation-targets@7.29.7 want: ^7.29.7
352 silly placeDep ROOT @babel/helper-validator-option@7.29.7 OK for: @babel/helper-compilation-targets@7.29.7 want: ^7.29.7
353 silly placeDep ROOT browserslist@4.29.3 OK for: @babel/helper-compilation-targets@7.29.7 want: ^4.24.0
354 silly placeDep ROOT lru-cache@5.1.1 OK for: @babel/helper-compilation-targets@7.29.7 want: ^5.1.1
355 silly fetch manifest caniuse-lite@^1.0.30001813
356 silly packumentCache full:https://registry.npmjs.org/caniuse-lite cache-miss
357 silly fetch manifest node-releases@^2.0.57
358 silly packumentCache full:https://registry.npmjs.org/node-releases cache-miss
359 silly fetch manifest electron-to-chromium@^1.5.439
360 silly packumentCache full:https://registry.npmjs.org/electron-to-chromium cache-miss
361 silly fetch manifest update-browserslist-db@^1.3.3
362 silly packumentCache full:https://registry.npmjs.org/update-browserslist-db cache-miss
363 silly fetch manifest baseline-browser-mapping@^2.11.26
364 silly packumentCache full:https://registry.npmjs.org/baseline-browser-mapping cache-miss
365 silly fetch manifest yallist@^3.0.2
366 silly packumentCache full:https://registry.npmjs.org/yallist cache-miss
367 http fetch GET 200 https://registry.npmjs.org/yallist 147ms (cache miss)
368 silly packumentCache full:https://registry.npmjs.org/yallist set size:undefined disposed:false
369 http fetch GET 200 https://registry.npmjs.org/baseline-browser-mapping 180ms (cache miss)
370 silly packumentCache full:https://registry.npmjs.org/baseline-browser-mapping set size:undefined disposed:false
371 http fetch GET 200 https://registry.npmjs.org/node-releases 201ms (cache miss)
372 silly packumentCache full:https://registry.npmjs.org/node-releases set size:undefined disposed:false
373 http fetch GET 200 https://registry.npmjs.org/electron-to-chromium 269ms (cache miss)
374 silly packumentCache full:https://registry.npmjs.org/electron-to-chromium set size:undefined disposed:false
375 http fetch GET 200 https://registry.npmjs.org/update-browserslist-db 364ms (cache miss)
376 silly packumentCache full:https://registry.npmjs.org/update-browserslist-db set size:undefined disposed:false
377 http fetch GET 200 https://registry.npmjs.org/caniuse-lite 520ms (cache miss)
378 silly packumentCache full:https://registry.npmjs.org/caniuse-lite set size:undefined disposed:false
379 silly placeDep ROOT @babel/helper-module-imports@7.29.7 OK for: @babel/helper-module-transforms@7.29.7 want: ^7.29.7
380 silly placeDep ROOT @babel/helper-plugin-utils@7.29.7 OK for: @babel/plugin-transform-react-jsx-self@7.29.7 want: ^7.29.7
381 silly placeDep ROOT @babel/helper-globals@7.29.7 OK for: @babel/traverse@7.29.8 want: ^7.29.7
382 silly placeDep ROOT @babel/helper-string-parser@7.29.7 OK for: @babel/types@7.29.8 want: ^7.29.7
383 silly placeDep ROOT @jridgewell/sourcemap-codec@1.6.0 OK for: @jridgewell/gen-mapping@0.3.13 want: ^1.5.0
384 silly placeDep ROOT @jridgewell/resolve-uri@3.1.2 OK for: @jridgewell/trace-mapping@0.3.31 want: ^3.1.0
385 silly placeDep ROOT @types/babel__generator@7.27.0 OK for: @types/babel__core@7.20.5 want: *
386 silly placeDep ROOT @types/babel__template@7.4.4 OK for: @types/babel__core@7.20.5 want: *
387 silly placeDep ROOT @types/babel__traverse@7.28.0 OK for: @types/babel__core@7.20.5 want: *
388 silly fetch manifest browserslist@>= 4.21.0
389 silly packumentCache full:https://registry.npmjs.org/browserslist cache-miss
390 http cache https://registry.npmjs.org/browserslist 15ms (cache hit)
391 silly packumentCache full:https://registry.npmjs.org/browserslist set size:530436 disposed:false
392 silly placeDep ROOT baseline-browser-mapping@2.11.27 OK for: browserslist@4.29.3 want: ^2.11.26
393 silly placeDep ROOT caniuse-lite@1.0.30001814 OK for: browserslist@4.29.3 want: ^1.0.30001813
394 silly placeDep ROOT electron-to-chromium@1.5.444 OK for: browserslist@4.29.3 want: ^1.5.439
395 silly placeDep ROOT node-releases@2.0.57 OK for: browserslist@4.29.3 want: ^2.0.57
396 silly placeDep ROOT update-browserslist-db@1.3.3 OK for: browserslist@4.29.3 want: ^1.3.3
397 silly fetch manifest escalade@^3.2.0
398 silly packumentCache full:https://registry.npmjs.org/escalade cache-miss
399 http fetch GET 200 https://registry.npmjs.org/escalade 117ms (cache miss)
400 silly packumentCache full:https://registry.npmjs.org/escalade set size:undefined disposed:false
401 silly placeDep ROOT ms@2.1.3 OK for: debug@4.4.3 want: ^2.1.3
402 silly placeDep ROOT yallist@3.1.1 OK for: lru-cache@5.1.1 want: ^3.0.2
403 silly placeDep ROOT loose-envify@1.4.0 OK for: react@18.3.1 want: ^1.1.0
404 silly placeDep ROOT scheduler@0.23.2 OK for: react-dom@18.3.1 want: ^0.23.2
405 silly placeDep ROOT escalade@3.2.0 OK for: update-browserslist-db@1.3.3 want: ^3.2.0
406 silly placeDep ROOT esbuild@0.21.5 OK for: vite@5.4.21 want: ^0.21.3
407 silly placeDep ROOT fsevents@2.3.3 OK for: vite@5.4.21 want: ~2.3.3
408 silly placeDep ROOT postcss@8.5.28 OK for: vite@5.4.21 want: ^8.4.43
409 silly placeDep ROOT rollup@4.63.6 OK for: vite@5.4.21 want: ^4.20.0
410 silly fetch manifest @esbuild/aix-ppc64@0.21.5
411 silly packumentCache full:https://registry.npmjs.org/@esbuild%2faix-ppc64 cache-miss
412 silly fetch manifest @esbuild/linux-arm@0.21.5
413 silly packumentCache full:https://registry.npmjs.org/@esbuild%2flinux-arm cache-miss
414 silly fetch manifest @esbuild/linux-x64@0.21.5
415 silly packumentCache full:https://registry.npmjs.org/@esbuild%2flinux-x64 cache-miss
416 silly fetch manifest @esbuild/sunos-x64@0.21.5
417 silly packumentCache full:https://registry.npmjs.org/@esbuild%2fsunos-x64 cache-miss
418 silly fetch manifest @esbuild/win32-x64@0.21.5
419 silly packumentCache full:https://registry.npmjs.org/@esbuild%2fwin32-x64 cache-miss
420 silly fetch manifest @esbuild/darwin-x64@0.21.5
421 silly packumentCache full:https://registry.npmjs.org/@esbuild%2fdarwin-x64 cache-miss
422 silly fetch manifest @esbuild/linux-ia32@0.21.5
423 silly packumentCache full:https://registry.npmjs.org/@esbuild%2flinux-ia32 cache-miss
424 http fetch GET 200 https://registry.npmjs.org/@esbuild%2fsunos-x64 133ms (cache miss)
425 silly packumentCache full:https://registry.npmjs.org/@esbuild%2fsunos-x64 set size:undefined disposed:false
426 silly fetch manifest @esbuild/netbsd-x64@0.21.5
427 silly packumentCache full:https://registry.npmjs.org/@esbuild%2fnetbsd-x64 cache-miss
428 http fetch GET 200 https://registry.npmjs.org/@esbuild%2faix-ppc64 167ms (cache miss)
429 silly packumentCache full:https://registry.npmjs.org/@esbuild%2faix-ppc64 set size:undefined disposed:false
430 silly fetch manifest @esbuild/win32-ia32@0.21.5
431 silly packumentCache full:https://registry.npmjs.org/@esbuild%2fwin32-ia32 cache-miss
432 http fetch GET 200 https://registry.npmjs.org/@esbuild%2fdarwin-x64 176ms (cache miss)
433 silly packumentCache full:https://registry.npmjs.org/@esbuild%2fdarwin-x64 set size:undefined disposed:false
434 silly fetch manifest @esbuild/android-arm@0.21.5
435 silly packumentCache full:https://registry.npmjs.org/@esbuild%2fandroid-arm cache-miss
436 http fetch GET 200 https://registry.npmjs.org/@esbuild%2flinux-arm 186ms (cache miss)
437 silly packumentCache full:https://registry.npmjs.org/@esbuild%2flinux-arm set size:undefined disposed:false
438 silly fetch manifest @esbuild/android-x64@0.21.5
439 silly packumentCache full:https://registry.npmjs.org/@esbuild%2fandroid-x64 cache-miss
440 http fetch GET 200 https://registry.npmjs.org/@esbuild%2flinux-ia32 194ms (cache miss)
441 silly packumentCache full:https://registry.npmjs.org/@esbuild%2flinux-ia32 set size:undefined disposed:false
442 silly fetch manifest @esbuild/freebsd-x64@0.21.5
443 silly packumentCache full:https://registry.npmjs.org/@esbuild%2ffreebsd-x64 cache-miss
444 http fetch GET 200 https://registry.npmjs.org/@esbuild%2flinux-x64 205ms (cache miss)
445 silly packumentCache full:https://registry.npmjs.org/@esbuild%2flinux-x64 set size:undefined disposed:false
446 silly fetch manifest @esbuild/linux-arm64@0.21.5
447 silly packumentCache full:https://registry.npmjs.org/@esbuild%2flinux-arm64 cache-miss
448 http fetch GET 200 https://registry.npmjs.org/@esbuild%2fnetbsd-x64 124ms (cache miss)
449 silly packumentCache full:https://registry.npmjs.org/@esbuild%2fnetbsd-x64 set size:undefined disposed:false
450 silly fetch manifest @esbuild/linux-ppc64@0.21.5
451 silly packumentCache full:https://registry.npmjs.org/@esbuild%2flinux-ppc64 cache-miss
452 http fetch GET 200 https://registry.npmjs.org/@esbuild%2fwin32-ia32 146ms (cache miss)
453 silly packumentCache full:https://registry.npmjs.org/@esbuild%2fwin32-ia32 set size:undefined disposed:false
454 silly fetch manifest @esbuild/linux-s390x@0.21.5
455 silly packumentCache full:https://registry.npmjs.org/@esbuild%2flinux-s390x cache-miss
456 http fetch GET 200 https://registry.npmjs.org/@esbuild%2fandroid-arm 159ms (cache miss)
457 silly packumentCache full:https://registry.npmjs.org/@esbuild%2fandroid-arm set size:undefined disposed:false
458 silly fetch manifest @esbuild/openbsd-x64@0.21.5
459 silly packumentCache full:https://registry.npmjs.org/@esbuild%2fopenbsd-x64 cache-miss
460 http fetch GET 200 https://registry.npmjs.org/@esbuild%2fandroid-x64 178ms (cache miss)
461 silly packumentCache full:https://registry.npmjs.org/@esbuild%2fandroid-x64 set size:undefined disposed:false
462 silly fetch manifest @esbuild/win32-arm64@0.21.5
463 silly packumentCache full:https://registry.npmjs.org/@esbuild%2fwin32-arm64 cache-miss
464 http fetch GET 200 https://registry.npmjs.org/@esbuild%2ffreebsd-x64 179ms (cache miss)
465 silly packumentCache full:https://registry.npmjs.org/@esbuild%2ffreebsd-x64 set size:undefined disposed:false
466 silly fetch manifest @esbuild/darwin-arm64@0.21.5
467 silly packumentCache full:https://registry.npmjs.org/@esbuild%2fdarwin-arm64 cache-miss
468 http fetch GET 200 https://registry.npmjs.org/@esbuild%2fwin32-x64 392ms (cache miss)
469 silly packumentCache full:https://registry.npmjs.org/@esbuild%2fwin32-x64 set size:undefined disposed:false
470 silly fetch manifest @esbuild/android-arm64@0.21.5
471 silly packumentCache full:https://registry.npmjs.org/@esbuild%2fandroid-arm64 cache-miss
472 http fetch GET 200 https://registry.npmjs.org/@esbuild%2flinux-arm64 197ms (cache miss)
473 silly packumentCache full:https://registry.npmjs.org/@esbuild%2flinux-arm64 set size:undefined disposed:false
474 silly fetch manifest @esbuild/freebsd-arm64@0.21.5
475 silly packumentCache full:https://registry.npmjs.org/@esbuild%2ffreebsd-arm64 cache-miss
476 http fetch GET 200 https://registry.npmjs.org/@esbuild%2flinux-ppc64 160ms (cache miss)
477 silly packumentCache full:https://registry.npmjs.org/@esbuild%2flinux-ppc64 set size:undefined disposed:false
478 silly fetch manifest @esbuild/linux-loong64@0.21.5
479 silly packumentCache full:https://registry.npmjs.org/@esbuild%2flinux-loong64 cache-miss
480 http fetch GET 200 https://registry.npmjs.org/@esbuild%2flinux-s390x 145ms (cache miss)
481 silly packumentCache full:https://registry.npmjs.org/@esbuild%2flinux-s390x set size:undefined disposed:false
482 silly fetch manifest @esbuild/linux-riscv64@0.21.5
483 silly packumentCache full:https://registry.npmjs.org/@esbuild%2flinux-riscv64 cache-miss
484 http fetch GET 200 https://registry.npmjs.org/@esbuild%2fopenbsd-x64 139ms (cache miss)
485 silly packumentCache full:https://registry.npmjs.org/@esbuild%2fopenbsd-x64 set size:undefined disposed:false
486 silly fetch manifest @esbuild/linux-mips64el@0.21.5
487 silly packumentCache full:https://registry.npmjs.org/@esbuild%2flinux-mips64el cache-miss
488 http fetch GET 200 https://registry.npmjs.org/@esbuild%2fwin32-arm64 133ms (cache miss)
489 silly packumentCache full:https://registry.npmjs.org/@esbuild%2fwin32-arm64 set size:undefined disposed:false
490 silly fetch manifest nanoid@^3.3.18
491 silly packumentCache full:https://registry.npmjs.org/nanoid cache-miss
492 http fetch GET 200 https://registry.npmjs.org/@esbuild%2fandroid-arm64 151ms (cache miss)
493 silly packumentCache full:https://registry.npmjs.org/@esbuild%2fandroid-arm64 set size:undefined disposed:false
494 silly fetch manifest source-map-js@^1.2.1
495 silly packumentCache full:https://registry.npmjs.org/source-map-js cache-miss
496 http fetch GET 200 https://registry.npmjs.org/@esbuild%2flinux-loong64 138ms (cache miss)
497 silly packumentCache full:https://registry.npmjs.org/@esbuild%2flinux-loong64 set size:undefined disposed:false
498 silly fetch manifest @types/estree@1.0.9
499 silly packumentCache full:https://registry.npmjs.org/@types%2festree cache-miss
500 http fetch GET 200 https://registry.npmjs.org/@esbuild%2ffreebsd-arm64 187ms (cache miss)
501 silly packumentCache full:https://registry.npmjs.org/@esbuild%2ffreebsd-arm64 set size:undefined disposed:false
502 silly fetch manifest @rollup/rollup-darwin-x64@4.63.6
503 silly packumentCache full:https://registry.npmjs.org/@rollup%2frollup-darwin-x64 cache-miss
504 http fetch GET 200 https://registry.npmjs.org/@esbuild%2flinux-riscv64 146ms (cache miss)
505 silly packumentCache full:https://registry.npmjs.org/@esbuild%2flinux-riscv64 set size:undefined disposed:false
506 silly fetch manifest @rollup/rollup-freebsd-x64@4.63.6
507 silly packumentCache full:https://registry.npmjs.org/@rollup%2frollup-freebsd-x64 cache-miss
508 http fetch GET 200 https://registry.npmjs.org/@esbuild%2flinux-mips64el 144ms (cache miss)
509 silly packumentCache full:https://registry.npmjs.org/@esbuild%2flinux-mips64el set size:undefined disposed:false
510 silly fetch manifest @rollup/rollup-openbsd-x64@4.63.6
511 silly packumentCache full:https://registry.npmjs.org/@rollup%2frollup-openbsd-x64 cache-miss
512 http fetch GET 200 https://registry.npmjs.org/nanoid 140ms (cache miss)
513 silly packumentCache full:https://registry.npmjs.org/nanoid set size:undefined disposed:false
514 silly fetch manifest @napi-rs/lzma-linux-x64-gnu@1.5.1
515 silly packumentCache full:https://registry.npmjs.org/@napi-rs%2flzma-linux-x64-gnu cache-miss
516 http fetch GET 200 https://registry.npmjs.org/source-map-js 123ms (cache miss)
517 silly packumentCache full:https://registry.npmjs.org/source-map-js set size:undefined disposed:false
518 silly fetch manifest @rollup/rollup-darwin-arm64@4.63.6
519 silly packumentCache full:https://registry.npmjs.org/@rollup%2frollup-darwin-arm64 cache-miss
520 http fetch GET 200 https://registry.npmjs.org/@napi-rs%2flzma-linux-x64-gnu 213ms (cache miss)
521 silly packumentCache full:https://registry.npmjs.org/@napi-rs%2flzma-linux-x64-gnu set size:undefined disposed:false
522 silly fetch manifest @rollup/rollup-android-arm64@4.63.6
523 silly packumentCache full:https://registry.npmjs.org/@rollup%2frollup-android-arm64 cache-miss
524 http fetch GET 200 https://registry.npmjs.org/@types%2festree 306ms (cache miss)
525 silly packumentCache full:https://registry.npmjs.org/@types%2festree set size:undefined disposed:false
526 silly fetch manifest @rollup/rollup-freebsd-arm64@4.63.6
527 silly packumentCache full:https://registry.npmjs.org/@rollup%2frollup-freebsd-arm64 cache-miss
528 http fetch GET 200 https://registry.npmjs.org/@rollup%2frollup-freebsd-x64 256ms (cache miss)
529 silly packumentCache full:https://registry.npmjs.org/@rollup%2frollup-freebsd-x64 set size:undefined disposed:false
530 silly fetch manifest @rollup/rollup-linux-x64-gnu@4.63.6
531 silly packumentCache full:https://registry.npmjs.org/@rollup%2frollup-linux-x64-gnu cache-miss
532 http fetch GET 200 https://registry.npmjs.org/@rollup%2frollup-openbsd-x64 261ms (cache miss)
533 silly packumentCache full:https://registry.npmjs.org/@rollup%2frollup-openbsd-x64 set size:undefined disposed:false
534 silly fetch manifest @rollup/rollup-win32-x64-gnu@4.63.6
535 silly packumentCache full:https://registry.npmjs.org/@rollup%2frollup-win32-x64-gnu cache-miss
536 http fetch GET 200 https://registry.npmjs.org/@rollup%2frollup-darwin-arm64 228ms (cache miss)
537 silly packumentCache full:https://registry.npmjs.org/@rollup%2frollup-darwin-arm64 set size:undefined disposed:false
538 silly fetch manifest @rollup/rollup-linux-x64-musl@4.63.6
539 silly packumentCache full:https://registry.npmjs.org/@rollup%2frollup-linux-x64-musl cache-miss
540 http fetch GET 200 https://registry.npmjs.org/@rollup%2frollup-darwin-x64 312ms (cache miss)
541 silly packumentCache full:https://registry.npmjs.org/@rollup%2frollup-darwin-x64 set size:undefined disposed:false
542 silly fetch manifest @rollup/rollup-win32-x64-msvc@4.63.6
543 silly packumentCache full:https://registry.npmjs.org/@rollup%2frollup-win32-x64-msvc cache-miss
544 http fetch GET 200 https://registry.npmjs.org/@esbuild%2fdarwin-arm64 625ms (cache miss)
545 silly packumentCache full:https://registry.npmjs.org/@esbuild%2fdarwin-arm64 set size:undefined disposed:false
546 silly fetch manifest @rollup/rollup-linux-arm64-gnu@4.63.6
547 silly packumentCache full:https://registry.npmjs.org/@rollup%2frollup-linux-arm64-gnu cache-miss
548 http fetch GET 200 https://registry.npmjs.org/@rollup%2frollup-android-arm64 147ms (cache miss)
549 silly packumentCache full:https://registry.npmjs.org/@rollup%2frollup-android-arm64 set size:undefined disposed:false
550 silly fetch manifest @rollup/rollup-linux-ppc64-gnu@4.63.6
551 silly packumentCache full:https://registry.npmjs.org/@rollup%2frollup-linux-ppc64-gnu cache-miss
552 http fetch GET 200 https://registry.npmjs.org/@rollup%2frollup-freebsd-arm64 168ms (cache miss)
553 silly packumentCache full:https://registry.npmjs.org/@rollup%2frollup-freebsd-arm64 set size:undefined disposed:false
554 silly fetch manifest @rollup/rollup-linux-s390x-gnu@4.63.6
555 silly packumentCache full:https://registry.npmjs.org/@rollup%2frollup-linux-s390x-gnu cache-miss
556 http fetch GET 200 https://registry.npmjs.org/@rollup%2frollup-win32-x64-gnu 173ms (cache miss)
557 silly packumentCache full:https://registry.npmjs.org/@rollup%2frollup-win32-x64-gnu set size:undefined disposed:false
558 silly fetch manifest @rollup/rollup-win32-ia32-msvc@4.63.6
559 silly packumentCache full:https://registry.npmjs.org/@rollup%2frollup-win32-ia32-msvc cache-miss
560 http fetch GET 200 https://registry.npmjs.org/@rollup%2frollup-linux-x64-musl 171ms (cache miss)
561 silly packumentCache full:https://registry.npmjs.org/@rollup%2frollup-linux-x64-musl set size:undefined disposed:false
562 silly fetch manifest @rollup/rollup-android-arm-eabi@4.63.6
563 silly packumentCache full:https://registry.npmjs.org/@rollup%2frollup-android-arm-eabi cache-miss
564 http fetch GET 200 https://registry.npmjs.org/@rollup%2frollup-win32-x64-msvc 169ms (cache miss)
565 silly packumentCache full:https://registry.npmjs.org/@rollup%2frollup-win32-x64-msvc set size:undefined disposed:false
566 silly fetch manifest @rollup/rollup-linux-arm64-musl@4.63.6
567 silly packumentCache full:https://registry.npmjs.org/@rollup%2frollup-linux-arm64-musl cache-miss
568 http fetch GET 200 https://registry.npmjs.org/@rollup%2frollup-linux-ppc64-gnu 118ms (cache miss)
569 silly packumentCache full:https://registry.npmjs.org/@rollup%2frollup-linux-ppc64-gnu set size:undefined disposed:false
570 silly fetch manifest @rollup/rollup-linux-ppc64-musl@4.63.6
571 silly packumentCache full:https://registry.npmjs.org/@rollup%2frollup-linux-ppc64-musl cache-miss
572 http fetch GET 200 https://registry.npmjs.org/@rollup%2frollup-linux-s390x-gnu 128ms (cache miss)
573 silly packumentCache full:https://registry.npmjs.org/@rollup%2frollup-linux-s390x-gnu set size:undefined disposed:false
574 silly fetch manifest @rollup/rollup-win32-arm64-msvc@4.63.6
575 silly packumentCache full:https://registry.npmjs.org/@rollup%2frollup-win32-arm64-msvc cache-miss
576 http fetch GET 200 https://registry.npmjs.org/@rollup%2frollup-linux-arm64-musl 152ms (cache miss)
577 silly packumentCache full:https://registry.npmjs.org/@rollup%2frollup-linux-arm64-musl set size:undefined disposed:false
578 silly fetch manifest @rollup/rollup-linux-loong64-gnu@4.63.6
579 silly packumentCache full:https://registry.npmjs.org/@rollup%2frollup-linux-loong64-gnu cache-miss
580 http fetch GET 200 https://registry.npmjs.org/@rollup%2frollup-linux-x64-gnu 371ms (cache miss)
581 silly packumentCache full:https://registry.npmjs.org/@rollup%2frollup-linux-x64-gnu set size:undefined disposed:false
582 silly fetch manifest @rollup/rollup-linux-riscv64-gnu@4.63.6
583 silly packumentCache full:https://registry.npmjs.org/@rollup%2frollup-linux-riscv64-gnu cache-miss
584 http fetch GET 200 https://registry.npmjs.org/@rollup%2frollup-android-arm-eabi 195ms (cache miss)
585 silly packumentCache full:https://registry.npmjs.org/@rollup%2frollup-android-arm-eabi set size:undefined disposed:false
586 silly fetch manifest @rollup/rollup-openharmony-arm64@4.63.6
587 silly packumentCache full:https://registry.npmjs.org/@rollup%2frollup-openharmony-arm64 cache-miss
588 http fetch GET 200 https://registry.npmjs.org/@rollup%2frollup-linux-ppc64-musl 145ms (cache miss)
589 silly packumentCache full:https://registry.npmjs.org/@rollup%2frollup-linux-ppc64-musl set size:undefined disposed:false
590 silly fetch manifest @rollup/rollup-linux-loong64-musl@4.63.6
591 silly packumentCache full:https://registry.npmjs.org/@rollup%2frollup-linux-loong64-musl cache-miss
592 http fetch GET 200 https://registry.npmjs.org/@rollup%2frollup-win32-ia32-msvc 230ms (cache miss)
593 silly packumentCache full:https://registry.npmjs.org/@rollup%2frollup-win32-ia32-msvc set size:undefined disposed:false
594 silly fetch manifest @rollup/rollup-linux-riscv64-musl@4.63.6
595 silly packumentCache full:https://registry.npmjs.org/@rollup%2frollup-linux-riscv64-musl cache-miss
596 http fetch GET 200 https://registry.npmjs.org/@rollup%2frollup-win32-arm64-msvc 143ms (cache miss)
597 silly packumentCache full:https://registry.npmjs.org/@rollup%2frollup-win32-arm64-msvc set size:undefined disposed:false
598 silly fetch manifest @rollup/rollup-linux-arm-gnueabihf@4.63.6
599 silly packumentCache full:https://registry.npmjs.org/@rollup%2frollup-linux-arm-gnueabihf cache-miss
600 http fetch GET 200 https://registry.npmjs.org/@rollup%2frollup-linux-loong64-gnu 136ms (cache miss)
601 silly packumentCache full:https://registry.npmjs.org/@rollup%2frollup-linux-loong64-gnu set size:undefined disposed:false
602 silly fetch manifest @rollup/rollup-linux-arm-musleabihf@4.63.6
603 silly packumentCache full:https://registry.npmjs.org/@rollup%2frollup-linux-arm-musleabihf cache-miss
604 http fetch GET 200 https://registry.npmjs.org/@rollup%2frollup-linux-riscv64-gnu 142ms (cache miss)
605 silly packumentCache full:https://registry.npmjs.org/@rollup%2frollup-linux-riscv64-gnu set size:undefined disposed:false
606 http fetch GET 200 https://registry.npmjs.org/@rollup%2frollup-linux-loong64-musl 136ms (cache miss)
607 silly packumentCache full:https://registry.npmjs.org/@rollup%2frollup-linux-loong64-musl set size:undefined disposed:false
608 http fetch GET 200 https://registry.npmjs.org/@rollup%2frollup-openharmony-arm64 145ms (cache miss)
609 silly packumentCache full:https://registry.npmjs.org/@rollup%2frollup-openharmony-arm64 set size:undefined disposed:false
610 http fetch GET 200 https://registry.npmjs.org/@rollup%2frollup-linux-riscv64-musl 133ms (cache miss)
611 silly packumentCache full:https://registry.npmjs.org/@rollup%2frollup-linux-riscv64-musl set size:undefined disposed:false
612 http fetch GET 200 https://registry.npmjs.org/@rollup%2frollup-linux-arm-gnueabihf 125ms (cache miss)
613 silly packumentCache full:https://registry.npmjs.org/@rollup%2frollup-linux-arm-gnueabihf set size:undefined disposed:false
614 http fetch GET 200 https://registry.npmjs.org/@rollup%2frollup-linux-arm-musleabihf 153ms (cache miss)
615 silly packumentCache full:https://registry.npmjs.org/@rollup%2frollup-linux-arm-musleabihf set size:undefined disposed:false
616 http fetch GET 200 https://registry.npmjs.org/@rollup%2frollup-linux-arm64-gnu 850ms (cache miss)
617 silly packumentCache full:https://registry.npmjs.org/@rollup%2frollup-linux-arm64-gnu set size:undefined disposed:false
618 silly placeDep ROOT @esbuild/aix-ppc64@0.21.5 OK for: esbuild@0.21.5 want: 0.21.5
619 silly placeDep ROOT @esbuild/android-arm@0.21.5 OK for: esbuild@0.21.5 want: 0.21.5
620 silly placeDep ROOT @esbuild/android-arm64@0.21.5 OK for: esbuild@0.21.5 want: 0.21.5
621 silly placeDep ROOT @esbuild/android-x64@0.21.5 OK for: esbuild@0.21.5 want: 0.21.5
622 silly placeDep ROOT @esbuild/darwin-arm64@0.21.5 OK for: esbuild@0.21.5 want: 0.21.5
623 silly placeDep ROOT @esbuild/darwin-x64@0.21.5 OK for: esbuild@0.21.5 want: 0.21.5
624 silly placeDep ROOT @esbuild/freebsd-arm64@0.21.5 OK for: esbuild@0.21.5 want: 0.21.5
625 silly placeDep ROOT @esbuild/freebsd-x64@0.21.5 OK for: esbuild@0.21.5 want: 0.21.5
626 silly placeDep ROOT @esbuild/linux-arm@0.21.5 OK for: esbuild@0.21.5 want: 0.21.5
627 silly placeDep ROOT @esbuild/linux-arm64@0.21.5 OK for: esbuild@0.21.5 want: 0.21.5
628 silly placeDep ROOT @esbuild/linux-ia32@0.21.5 OK for: esbuild@0.21.5 want: 0.21.5
629 silly placeDep ROOT @esbuild/linux-loong64@0.21.5 OK for: esbuild@0.21.5 want: 0.21.5
630 silly placeDep ROOT @esbuild/linux-mips64el@0.21.5 OK for: esbuild@0.21.5 want: 0.21.5
631 silly placeDep ROOT @esbuild/linux-ppc64@0.21.5 OK for: esbuild@0.21.5 want: 0.21.5
632 silly placeDep ROOT @esbuild/linux-riscv64@0.21.5 OK for: esbuild@0.21.5 want: 0.21.5
633 silly placeDep ROOT @esbuild/linux-s390x@0.21.5 OK for: esbuild@0.21.5 want: 0.21.5
634 silly placeDep ROOT @esbuild/linux-x64@0.21.5 OK for: esbuild@0.21.5 want: 0.21.5
635 silly placeDep ROOT @esbuild/netbsd-x64@0.21.5 OK for: esbuild@0.21.5 want: 0.21.5
636 silly placeDep ROOT @esbuild/openbsd-x64@0.21.5 OK for: esbuild@0.21.5 want: 0.21.5
637 silly placeDep ROOT @esbuild/sunos-x64@0.21.5 OK for: esbuild@0.21.5 want: 0.21.5
638 silly placeDep ROOT @esbuild/win32-arm64@0.21.5 OK for: esbuild@0.21.5 want: 0.21.5
639 silly placeDep ROOT @esbuild/win32-ia32@0.21.5 OK for: esbuild@0.21.5 want: 0.21.5
640 silly placeDep ROOT @esbuild/win32-x64@0.21.5 OK for: esbuild@0.21.5 want: 0.21.5
641 silly placeDep ROOT nanoid@3.3.19 OK for: postcss@8.5.28 want: ^3.3.18
642 silly placeDep ROOT source-map-js@1.2.2 OK for: postcss@8.5.28 want: ^1.2.1
643 silly placeDep ROOT @napi-rs/lzma-linux-x64-gnu@1.5.1 OK for: rollup@4.63.6 want: 1.5.1
644 silly placeDep ROOT @rollup/rollup-android-arm-eabi@4.63.6 OK for: rollup@4.63.6 want: 4.63.6
645 silly placeDep ROOT @rollup/rollup-android-arm64@4.63.6 OK for: rollup@4.63.6 want: 4.63.6
646 silly placeDep ROOT @rollup/rollup-darwin-arm64@4.63.6 OK for: rollup@4.63.6 want: 4.63.6
647 silly placeDep ROOT @rollup/rollup-darwin-x64@4.63.6 OK for: rollup@4.63.6 want: 4.63.6
648 silly placeDep ROOT @rollup/rollup-freebsd-arm64@4.63.6 OK for: rollup@4.63.6 want: 4.63.6
649 silly placeDep ROOT @rollup/rollup-freebsd-x64@4.63.6 OK for: rollup@4.63.6 want: 4.63.6
650 silly placeDep ROOT @rollup/rollup-linux-arm-gnueabihf@4.63.6 OK for: rollup@4.63.6 want: 4.63.6
651 silly placeDep ROOT @rollup/rollup-linux-arm-musleabihf@4.63.6 OK for: rollup@4.63.6 want: 4.63.6
652 silly placeDep ROOT @rollup/rollup-linux-arm64-gnu@4.63.6 OK for: rollup@4.63.6 want: 4.63.6
653 silly placeDep ROOT @rollup/rollup-linux-arm64-musl@4.63.6 OK for: rollup@4.63.6 want: 4.63.6
654 silly placeDep ROOT @rollup/rollup-linux-loong64-gnu@4.63.6 OK for: rollup@4.63.6 want: 4.63.6
655 silly placeDep ROOT @rollup/rollup-linux-loong64-musl@4.63.6 OK for: rollup@4.63.6 want: 4.63.6
656 silly placeDep ROOT @rollup/rollup-linux-ppc64-gnu@4.63.6 OK for: rollup@4.63.6 want: 4.63.6
657 silly placeDep ROOT @rollup/rollup-linux-ppc64-musl@4.63.6 OK for: rollup@4.63.6 want: 4.63.6
658 silly placeDep ROOT @rollup/rollup-linux-riscv64-gnu@4.63.6 OK for: rollup@4.63.6 want: 4.63.6
659 silly placeDep ROOT @rollup/rollup-linux-riscv64-musl@4.63.6 OK for: rollup@4.63.6 want: 4.63.6
660 silly placeDep ROOT @rollup/rollup-linux-s390x-gnu@4.63.6 OK for: rollup@4.63.6 want: 4.63.6
661 silly placeDep ROOT @rollup/rollup-linux-x64-gnu@4.63.6 OK for: rollup@4.63.6 want: 4.63.6
662 silly placeDep ROOT @rollup/rollup-linux-x64-musl@4.63.6 OK for: rollup@4.63.6 want: 4.63.6
663 silly placeDep ROOT @rollup/rollup-openbsd-x64@4.63.6 OK for: rollup@4.63.6 want: 4.63.6
664 silly placeDep ROOT @rollup/rollup-openharmony-arm64@4.63.6 OK for: rollup@4.63.6 want: 4.63.6
665 silly placeDep ROOT @rollup/rollup-win32-arm64-msvc@4.63.6 OK for: rollup@4.63.6 want: 4.63.6
666 silly placeDep ROOT @rollup/rollup-win32-ia32-msvc@4.63.6 OK for: rollup@4.63.6 want: 4.63.6
667 silly placeDep ROOT @rollup/rollup-win32-x64-gnu@4.63.6 OK for: rollup@4.63.6 want: 4.63.6
668 silly placeDep ROOT @rollup/rollup-win32-x64-msvc@4.63.6 OK for: rollup@4.63.6 want: 4.63.6
669 silly placeDep ROOT @types/estree@1.0.9 OK for: rollup@4.63.6 want: 1.0.9
670 silly reify moves {}
671 http cache @rollup/rollup-win32-x64-msvc@https://registry.npmjs.org/@rollup/rollup-win32-x64-msvc/-/rollup-win32-x64-msvc-4.63.6.tgz 0ms (cache hit)
672 http cache @rollup/rollup-win32-x64-gnu@https://registry.npmjs.org/@rollup/rollup-win32-x64-gnu/-/rollup-win32-x64-gnu-4.63.6.tgz 0ms (cache hit)
673 http cache @types/estree@https://registry.npmjs.org/@types/estree/-/estree-1.0.9.tgz 0ms (cache hit)
674 http cache source-map-js@https://registry.npmjs.org/source-map-js/-/source-map-js-1.2.2.tgz 0ms (cache hit)
675 http cache @esbuild/win32-x64@https://registry.npmjs.org/@esbuild/win32-x64/-/win32-x64-0.21.5.tgz 0ms (cache hit)
676 http cache nanoid@https://registry.npmjs.org/nanoid/-/nanoid-3.3.19.tgz 0ms (cache hit)
677 http cache rollup@https://registry.npmjs.org/rollup/-/rollup-4.63.6.tgz 0ms (cache hit)
678 http cache esbuild@https://registry.npmjs.org/esbuild/-/esbuild-0.21.5.tgz 0ms (cache hit)
679 http cache escalade@https://registry.npmjs.org/escalade/-/escalade-3.2.0.tgz 0ms (cache hit)
680 http cache postcss@https://registry.npmjs.org/postcss/-/postcss-8.5.28.tgz 0ms (cache hit)
681 http cache loose-envify@https://registry.npmjs.org/loose-envify/-/loose-envify-1.4.0.tgz 0ms (cache hit)
682 http cache scheduler@https://registry.npmjs.org/scheduler/-/scheduler-0.23.2.tgz 0ms (cache hit)
683 http cache yallist@https://registry.npmjs.org/yallist/-/yallist-3.1.1.tgz 0ms (cache hit)
684 http cache update-browserslist-db@https://registry.npmjs.org/update-browserslist-db/-/update-browserslist-db-1.3.3.tgz 0ms (cache hit)
685 http cache ms@https://registry.npmjs.org/ms/-/ms-2.1.3.tgz 0ms (cache hit)
686 http cache node-releases@https://registry.npmjs.org/node-releases/-/node-releases-2.0.57.tgz 0ms (cache hit)
687 http cache caniuse-lite@https://registry.npmjs.org/caniuse-lite/-/caniuse-lite-1.0.30001814.tgz 0ms (cache hit)
688 http cache electron-to-chromium@https://registry.npmjs.org/electron-to-chromium/-/electron-to-chromium-1.5.444.tgz 0ms (cache hit)
689 http cache @types/babel__traverse@https://registry.npmjs.org/@types/babel__traverse/-/babel__traverse-7.28.0.tgz 0ms (cache hit)
690 http cache baseline-browser-mapping@https://registry.npmjs.org/baseline-browser-mapping/-/baseline-browser-mapping-2.11.27.tgz 0ms (cache hit)
691 http cache @types/babel__template@https://registry.npmjs.org/@types/babel__template/-/babel__template-7.4.4.tgz 0ms (cache hit)
692 http cache @types/babel__generator@https://registry.npmjs.org/@types/babel__generator/-/babel__generator-7.27.0.tgz 0ms (cache hit)
693 http cache @jridgewell/resolve-uri@https://registry.npmjs.org/@jridgewell/resolve-uri/-/resolve-uri-3.1.2.tgz 0ms (cache hit)
694 http cache @jridgewell/sourcemap-codec@https://registry.npmjs.org/@jridgewell/sourcemap-codec/-/sourcemap-codec-1.6.0.tgz 0ms (cache hit)
695 http cache @babel/helper-plugin-utils@https://registry.npmjs.org/@babel/helper-plugin-utils/-/helper-plugin-utils-7.29.7.tgz 0ms (cache hit)
696 http cache @babel/helper-string-parser@https://registry.npmjs.org/@babel/helper-string-parser/-/helper-string-parser-7.29.7.tgz 0ms (cache hit)
697 http cache @babel/helper-globals@https://registry.npmjs.org/@babel/helper-globals/-/helper-globals-7.29.7.tgz 0ms (cache hit)
698 http cache lru-cache@https://registry.npmjs.org/lru-cache/-/lru-cache-5.1.1.tgz 0ms (cache hit)
699 http cache @babel/helper-module-imports@https://registry.npmjs.org/@babel/helper-module-imports/-/helper-module-imports-7.29.7.tgz 0ms (cache hit)
700 http cache @babel/compat-data@https://registry.npmjs.org/@babel/compat-data/-/compat-data-7.29.7.tgz 0ms (cache hit)
701 http cache browserslist@https://registry.npmjs.org/browserslist/-/browserslist-4.29.3.tgz 0ms (cache hit)
702 http cache @babel/helper-validator-option@https://registry.npmjs.org/@babel/helper-validator-option/-/helper-validator-option-7.29.7.tgz 0ms (cache hit)
703 http cache @jridgewell/gen-mapping@https://registry.npmjs.org/@jridgewell/gen-mapping/-/gen-mapping-0.3.13.tgz 0ms (cache hit)
704 http cache @jridgewell/trace-mapping@https://registry.npmjs.org/@jridgewell/trace-mapping/-/trace-mapping-0.3.31.tgz 0ms (cache hit)
705 http cache jsesc@https://registry.npmjs.org/jsesc/-/jsesc-3.1.0.tgz 0ms (cache hit)
706 http cache picocolors@https://registry.npmjs.org/picocolors/-/picocolors-1.1.1.tgz 0ms (cache hit)
707 http cache @babel/helper-validator-identifier@https://registry.npmjs.org/@babel/helper-validator-identifier/-/helper-validator-identifier-7.29.7.tgz 1ms (cache hit)
708 http cache semver@https://registry.npmjs.org/semver/-/semver-6.3.1.tgz 0ms (cache hit)
709 http cache json5@https://registry.npmjs.org/json5/-/json5-2.2.3.tgz 0ms (cache hit)
710 http cache js-tokens@https://registry.npmjs.org/js-tokens/-/js-tokens-4.0.0.tgz 0ms (cache hit)
711 http cache gensync@https://registry.npmjs.org/gensync/-/gensync-1.0.0-beta.2.tgz 0ms (cache hit)
712 http cache convert-source-map@https://registry.npmjs.org/convert-source-map/-/convert-source-map-2.0.0.tgz 0ms (cache hit)
713 http cache @jridgewell/remapping@https://registry.npmjs.org/@jridgewell/remapping/-/remapping-2.3.5.tgz 0ms (cache hit)
714 http cache @babel/types@https://registry.npmjs.org/@babel/types/-/types-7.29.8.tgz 0ms (cache hit)
715 http cache @babel/traverse@https://registry.npmjs.org/@babel/traverse/-/traverse-7.29.8.tgz 0ms (cache hit)
716 http cache debug@https://registry.npmjs.org/debug/-/debug-4.4.3.tgz 0ms (cache hit)
717 http cache @babel/template@https://registry.npmjs.org/@babel/template/-/template-7.29.7.tgz 0ms (cache hit)
718 http cache @babel/parser@https://registry.npmjs.org/@babel/parser/-/parser-7.29.9.tgz 0ms (cache hit)
719 http cache @babel/helper-module-transforms@https://registry.npmjs.org/@babel/helper-module-transforms/-/helper-module-transforms-7.29.7.tgz 0ms (cache hit)
720 http cache @babel/helper-compilation-targets@https://registry.npmjs.org/@babel/helper-compilation-targets/-/helper-compilation-targets-7.29.7.tgz 0ms (cache hit)
721 http cache @babel/helpers@https://registry.npmjs.org/@babel/helpers/-/helpers-7.29.7.tgz 0ms (cache hit)
722 http cache @babel/generator@https://registry.npmjs.org/@babel/generator/-/generator-7.29.8.tgz 0ms (cache hit)
723 http cache @babel/code-frame@https://registry.npmjs.org/@babel/code-frame/-/code-frame-7.29.7.tgz 0ms (cache hit)
724 http cache react-refresh@https://registry.npmjs.org/react-refresh/-/react-refresh-0.17.0.tgz 0ms (cache hit)
725 http cache @rolldown/pluginutils@https://registry.npmjs.org/@rolldown/pluginutils/-/pluginutils-1.0.0-beta.27.tgz 0ms (cache hit)
726 http cache @babel/plugin-transform-react-jsx-source@https://registry.npmjs.org/@babel/plugin-transform-react-jsx-source/-/plugin-transform-react-jsx-source-7.29.7.tgz 0ms (cache hit)
727 http cache @types/babel__core@https://registry.npmjs.org/@types/babel__core/-/babel__core-7.20.5.tgz 0ms (cache hit)
728 http cache @babel/plugin-transform-react-jsx-self@https://registry.npmjs.org/@babel/plugin-transform-react-jsx-self/-/plugin-transform-react-jsx-self-7.29.7.tgz 0ms (cache hit)
729 http cache csstype@https://registry.npmjs.org/csstype/-/csstype-3.2.3.tgz 0ms (cache hit)
730 http cache @babel/core@https://registry.npmjs.org/@babel/core/-/core-7.29.7.tgz 0ms (cache hit)
731 http cache @types/prop-types@https://registry.npmjs.org/@types/prop-types/-/prop-types-15.7.15.tgz 0ms (cache hit)
732 http cache typescript@https://registry.npmjs.org/typescript/-/typescript-5.9.3.tgz 0ms (cache hit)
733 http cache react-dom@https://registry.npmjs.org/react-dom/-/react-dom-18.3.1.tgz 0ms (cache hit)
734 http cache react@https://registry.npmjs.org/react/-/react-18.3.1.tgz 0ms (cache hit)
735 http cache vite@https://registry.npmjs.org/vite/-/vite-5.4.21.tgz 0ms (cache hit)
736 http cache @vitejs/plugin-react@https://registry.npmjs.org/@vitejs/plugin-react/-/plugin-react-4.7.0.tgz 1ms (cache hit)
737 http cache @types/react@https://registry.npmjs.org/@types/react/-/react-18.3.31.tgz 0ms (cache hit)
738 http cache @types/react-dom@https://registry.npmjs.org/@types/react-dom/-/react-dom-18.3.7.tgz 0ms (cache hit)
739 silly tarball no local data for @rollup/rollup-win32-x64-msvc@https://registry.npmjs.org/@rollup/rollup-win32-x64-msvc/-/rollup-win32-x64-msvc-4.63.6.tgz. Extracting by manifest.
740 silly tarball no local data for @rollup/rollup-win32-x64-gnu@https://registry.npmjs.org/@rollup/rollup-win32-x64-gnu/-/rollup-win32-x64-gnu-4.63.6.tgz. Extracting by manifest.
741 silly tarball no local data for @types/estree@https://registry.npmjs.org/@types/estree/-/estree-1.0.9.tgz. Extracting by manifest.
742 silly tarball no local data for source-map-js@https://registry.npmjs.org/source-map-js/-/source-map-js-1.2.2.tgz. Extracting by manifest.
743 silly tarball no local data for @esbuild/win32-x64@https://registry.npmjs.org/@esbuild/win32-x64/-/win32-x64-0.21.5.tgz. Extracting by manifest.
744 silly tarball no local data for nanoid@https://registry.npmjs.org/nanoid/-/nanoid-3.3.19.tgz. Extracting by manifest.
745 silly tarball no local data for rollup@https://registry.npmjs.org/rollup/-/rollup-4.63.6.tgz. Extracting by manifest.
746 silly tarball no local data for esbuild@https://registry.npmjs.org/esbuild/-/esbuild-0.21.5.tgz. Extracting by manifest.
747 silly tarball no local data for escalade@https://registry.npmjs.org/escalade/-/escalade-3.2.0.tgz. Extracting by manifest.
748 silly tarball no local data for postcss@https://registry.npmjs.org/postcss/-/postcss-8.5.28.tgz. Extracting by manifest.
749 silly tarball no local data for loose-envify@https://registry.npmjs.org/loose-envify/-/loose-envify-1.4.0.tgz. Extracting by manifest.
750 silly tarball no local data for scheduler@https://registry.npmjs.org/scheduler/-/scheduler-0.23.2.tgz. Extracting by manifest.
751 silly tarball no local data for yallist@https://registry.npmjs.org/yallist/-/yallist-3.1.1.tgz. Extracting by manifest.
752 silly tarball no local data for update-browserslist-db@https://registry.npmjs.org/update-browserslist-db/-/update-browserslist-db-1.3.3.tgz. Extracting by manifest.
753 silly tarball no local data for ms@https://registry.npmjs.org/ms/-/ms-2.1.3.tgz. Extracting by manifest.
754 silly tarball no local data for node-releases@https://registry.npmjs.org/node-releases/-/node-releases-2.0.57.tgz. Extracting by manifest.
755 silly tarball no local data for caniuse-lite@https://registry.npmjs.org/caniuse-lite/-/caniuse-lite-1.0.30001814.tgz. Extracting by manifest.
756 silly tarball no local data for electron-to-chromium@https://registry.npmjs.org/electron-to-chromium/-/electron-to-chromium-1.5.444.tgz. Extracting by manifest.
757 silly tarball no local data for @types/babel__traverse@https://registry.npmjs.org/@types/babel__traverse/-/babel__traverse-7.28.0.tgz. Extracting by manifest.
758 silly tarball no local data for baseline-browser-mapping@https://registry.npmjs.org/baseline-browser-mapping/-/baseline-browser-mapping-2.11.27.tgz. Extracting by manifest.
759 silly tarball no local data for @types/babel__template@https://registry.npmjs.org/@types/babel__template/-/babel__template-7.4.4.tgz. Extracting by manifest.
760 silly tarball no local data for @types/babel__generator@https://registry.npmjs.org/@types/babel__generator/-/babel__generator-7.27.0.tgz. Extracting by manifest.
761 silly tarball no local data for @jridgewell/resolve-uri@https://registry.npmjs.org/@jridgewell/resolve-uri/-/resolve-uri-3.1.2.tgz. Extracting by manifest.
762 silly tarball no local data for @jridgewell/sourcemap-codec@https://registry.npmjs.org/@jridgewell/sourcemap-codec/-/sourcemap-codec-1.6.0.tgz. Extracting by manifest.
763 silly tarball no local data for @babel/helper-plugin-utils@https://registry.npmjs.org/@babel/helper-plugin-utils/-/helper-plugin-utils-7.29.7.tgz. Extracting by manifest.
764 silly tarball no local data for @babel/helper-string-parser@https://registry.npmjs.org/@babel/helper-string-parser/-/helper-string-parser-7.29.7.tgz. Extracting by manifest.
765 silly tarball no local data for @babel/helper-globals@https://registry.npmjs.org/@babel/helper-globals/-/helper-globals-7.29.7.tgz. Extracting by manifest.
766 silly tarball no local data for lru-cache@https://registry.npmjs.org/lru-cache/-/lru-cache-5.1.1.tgz. Extracting by manifest.
767 silly tarball no local data for @babel/helper-module-imports@https://registry.npmjs.org/@babel/helper-module-imports/-/helper-module-imports-7.29.7.tgz. Extracting by manifest.
768 silly tarball no local data for @babel/compat-data@https://registry.npmjs.org/@babel/compat-data/-/compat-data-7.29.7.tgz. Extracting by manifest.
769 silly tarball no local data for browserslist@https://registry.npmjs.org/browserslist/-/browserslist-4.29.3.tgz. Extracting by manifest.
770 silly tarball no local data for @babel/helper-validator-option@https://registry.npmjs.org/@babel/helper-validator-option/-/helper-validator-option-7.29.7.tgz. Extracting by manifest.
771 silly tarball no local data for @jridgewell/gen-mapping@https://registry.npmjs.org/@jridgewell/gen-mapping/-/gen-mapping-0.3.13.tgz. Extracting by manifest.
772 silly tarball no local data for @jridgewell/trace-mapping@https://registry.npmjs.org/@jridgewell/trace-mapping/-/trace-mapping-0.3.31.tgz. Extracting by manifest.
773 silly tarball no local data for jsesc@https://registry.npmjs.org/jsesc/-/jsesc-3.1.0.tgz. Extracting by manifest.
774 silly tarball no local data for picocolors@https://registry.npmjs.org/picocolors/-/picocolors-1.1.1.tgz. Extracting by manifest.
775 silly tarball no local data for @babel/helper-validator-identifier@https://registry.npmjs.org/@babel/helper-validator-identifier/-/helper-validator-identifier-7.29.7.tgz. Extracting by manifest.
776 silly tarball no local data for semver@https://registry.npmjs.org/semver/-/semver-6.3.1.tgz. Extracting by manifest.
777 silly tarball no local data for json5@https://registry.npmjs.org/json5/-/json5-2.2.3.tgz. Extracting by manifest.
778 silly tarball no local data for js-tokens@https://registry.npmjs.org/js-tokens/-/js-tokens-4.0.0.tgz. Extracting by manifest.
779 silly tarball no local data for gensync@https://registry.npmjs.org/gensync/-/gensync-1.0.0-beta.2.tgz. Extracting by manifest.
780 silly tarball no local data for convert-source-map@https://registry.npmjs.org/convert-source-map/-/convert-source-map-2.0.0.tgz. Extracting by manifest.
781 silly tarball no local data for @jridgewell/remapping@https://registry.npmjs.org/@jridgewell/remapping/-/remapping-2.3.5.tgz. Extracting by manifest.
782 silly tarball no local data for @babel/types@https://registry.npmjs.org/@babel/types/-/types-7.29.8.tgz. Extracting by manifest.
783 silly tarball no local data for @babel/traverse@https://registry.npmjs.org/@babel/traverse/-/traverse-7.29.8.tgz. Extracting by manifest.
784 silly tarball no local data for debug@https://registry.npmjs.org/debug/-/debug-4.4.3.tgz. Extracting by manifest.
785 silly tarball no local data for @babel/template@https://registry.npmjs.org/@babel/template/-/template-7.29.7.tgz. Extracting by manifest.
786 silly tarball no local data for @babel/parser@https://registry.npmjs.org/@babel/parser/-/parser-7.29.9.tgz. Extracting by manifest.
787 silly tarball no local data for @babel/helper-module-transforms@https://registry.npmjs.org/@babel/helper-module-transforms/-/helper-module-transforms-7.29.7.tgz. Extracting by manifest.
788 silly tarball no local data for @babel/helper-compilation-targets@https://registry.npmjs.org/@babel/helper-compilation-targets/-/helper-compilation-targets-7.29.7.tgz. Extracting by manifest.
789 silly tarball no local data for @babel/helpers@https://registry.npmjs.org/@babel/helpers/-/helpers-7.29.7.tgz. Extracting by manifest.
790 silly tarball no local data for @babel/generator@https://registry.npmjs.org/@babel/generator/-/generator-7.29.8.tgz. Extracting by manifest.
791 silly tarball no local data for @babel/code-frame@https://registry.npmjs.org/@babel/code-frame/-/code-frame-7.29.7.tgz. Extracting by manifest.
792 silly tarball no local data for react-refresh@https://registry.npmjs.org/react-refresh/-/react-refresh-0.17.0.tgz. Extracting by manifest.
793 silly tarball no local data for @rolldown/pluginutils@https://registry.npmjs.org/@rolldown/pluginutils/-/pluginutils-1.0.0-beta.27.tgz. Extracting by manifest.
794 silly tarball no local data for @babel/plugin-transform-react-jsx-source@https://registry.npmjs.org/@babel/plugin-transform-react-jsx-source/-/plugin-transform-react-jsx-source-7.29.7.tgz. Extracting by manifest.
795 silly tarball no local data for @types/babel__core@https://registry.npmjs.org/@types/babel__core/-/babel__core-7.20.5.tgz. Extracting by manifest.
796 silly tarball no local data for @babel/plugin-transform-react-jsx-self@https://registry.npmjs.org/@babel/plugin-transform-react-jsx-self/-/plugin-transform-react-jsx-self-7.29.7.tgz. Extracting by manifest.
797 silly tarball no local data for csstype@https://registry.npmjs.org/csstype/-/csstype-3.2.3.tgz. Extracting by manifest.
798 silly tarball no local data for @babel/core@https://registry.npmjs.org/@babel/core/-/core-7.29.7.tgz. Extracting by manifest.
799 silly tarball no local data for @types/prop-types@https://registry.npmjs.org/@types/prop-types/-/prop-types-15.7.15.tgz. Extracting by manifest.
800 silly tarball no local data for typescript@https://registry.npmjs.org/typescript/-/typescript-5.9.3.tgz. Extracting by manifest.
801 silly tarball no local data for react-dom@https://registry.npmjs.org/react-dom/-/react-dom-18.3.1.tgz. Extracting by manifest.
802 silly tarball no local data for react@https://registry.npmjs.org/react/-/react-18.3.1.tgz. Extracting by manifest.
803 silly tarball no local data for vite@https://registry.npmjs.org/vite/-/vite-5.4.21.tgz. Extracting by manifest.
804 silly tarball no local data for @vitejs/plugin-react@https://registry.npmjs.org/@vitejs/plugin-react/-/plugin-react-4.7.0.tgz. Extracting by manifest.
805 silly tarball no local data for @types/react@https://registry.npmjs.org/@types/react/-/react-18.3.31.tgz. Extracting by manifest.
806 silly tarball no local data for @types/react-dom@https://registry.npmjs.org/@types/react-dom/-/react-dom-18.3.7.tgz. Extracting by manifest.
807 http fetch GET 200 https://registry.npmjs.org/@types/estree/-/estree-1.0.9.tgz 600ms (cache miss)
808 http fetch GET 200 https://registry.npmjs.org/nanoid/-/nanoid-3.3.19.tgz 616ms (cache miss)
809 http fetch GET 200 https://registry.npmjs.org/node-releases/-/node-releases-2.0.57.tgz 689ms (cache miss)
810 http fetch GET 200 https://registry.npmjs.org/@types/babel__generator/-/babel__generator-7.27.0.tgz 835ms (cache miss)
811 http fetch GET 200 https://registry.npmjs.org/@types/babel__traverse/-/babel__traverse-7.28.0.tgz 861ms (cache miss)
812 http fetch GET 200 https://registry.npmjs.org/baseline-browser-mapping/-/baseline-browser-mapping-2.11.27.tgz 868ms (cache miss)
813 http fetch GET 200 https://registry.npmjs.org/escalade/-/escalade-3.2.0.tgz 929ms (cache miss)
814 http fetch GET 200 https://registry.npmjs.org/electron-to-chromium/-/electron-to-chromium-1.5.444.tgz 946ms (cache miss)
815 http fetch GET 200 https://registry.npmjs.org/loose-envify/-/loose-envify-1.4.0.tgz 966ms (cache miss)
816 http fetch GET 200 https://registry.npmjs.org/@types/babel__template/-/babel__template-7.4.4.tgz 993ms (cache miss)
817 http fetch GET 200 https://registry.npmjs.org/@babel/helper-string-parser/-/helper-string-parser-7.29.7.tgz 1103ms (cache miss)
818 http fetch GET 200 https://registry.npmjs.org/ms/-/ms-2.1.3.tgz 1136ms (cache miss)
819 http fetch GET 200 https://registry.npmjs.org/lru-cache/-/lru-cache-5.1.1.tgz 1131ms (cache miss)
820 http fetch GET 200 https://registry.npmjs.org/@babel/helper-validator-option/-/helper-validator-option-7.29.7.tgz 1212ms (cache miss)
821 http fetch GET 200 https://registry.npmjs.org/@babel/compat-data/-/compat-data-7.29.7.tgz 1220ms (cache miss)
822 http fetch GET 200 https://registry.npmjs.org/picocolors/-/picocolors-1.1.1.tgz 1275ms (cache miss)
823 http fetch GET 200 https://registry.npmjs.org/@babel/helper-validator-identifier/-/helper-validator-identifier-7.29.7.tgz 1320ms (cache miss)
824 http fetch GET 200 https://registry.npmjs.org/source-map-js/-/source-map-js-1.2.2.tgz 1393ms (cache miss)
825 http fetch GET 200 https://registry.npmjs.org/convert-source-map/-/convert-source-map-2.0.0.tgz 1386ms (cache miss)
826 http fetch GET 200 https://registry.npmjs.org/@babel/helper-plugin-utils/-/helper-plugin-utils-7.29.7.tgz 1416ms (cache miss)
827 http fetch GET 200 https://registry.npmjs.org/gensync/-/gensync-1.0.0-beta.2.tgz 1396ms (cache miss)
828 http fetch GET 200 https://registry.npmjs.org/update-browserslist-db/-/update-browserslist-db-1.3.3.tgz 1457ms (cache miss)
829 http fetch GET 200 https://registry.npmjs.org/semver/-/semver-6.3.1.tgz 1453ms (cache miss)
830 http fetch GET 200 https://registry.npmjs.org/@jridgewell/resolve-uri/-/resolve-uri-3.1.2.tgz 1485ms (cache miss)
831 http fetch GET 200 https://registry.npmjs.org/js-tokens/-/js-tokens-4.0.0.tgz 1476ms (cache miss)
832 http fetch GET 200 https://registry.npmjs.org/jsesc/-/jsesc-3.1.0.tgz 1484ms (cache miss)
833 http fetch GET 200 https://registry.npmjs.org/esbuild/-/esbuild-0.21.5.tgz 1595ms (cache miss)
834 http fetch GET 200 https://registry.npmjs.org/browserslist/-/browserslist-4.29.3.tgz 1556ms (cache miss)
835 http fetch GET 200 https://registry.npmjs.org/@rollup/rollup-win32-x64-gnu/-/rollup-win32-x64-gnu-4.63.6.tgz 1685ms (cache miss)
836 http fetch GET 200 https://registry.npmjs.org/debug/-/debug-4.4.3.tgz 1611ms (cache miss)
837 http fetch GET 200 https://registry.npmjs.org/@babel/helper-globals/-/helper-globals-7.29.7.tgz 1697ms (cache miss)
838 http fetch GET 200 https://registry.npmjs.org/@rollup/rollup-win32-x64-msvc/-/rollup-win32-x64-msvc-4.63.6.tgz 1998ms (cache miss)
839 http fetch GET 200 https://registry.npmjs.org/@rolldown/pluginutils/-/pluginutils-1.0.0-beta.27.tgz 2102ms (cache miss)
840 http fetch GET 200 https://registry.npmjs.org/@types/babel__core/-/babel__core-7.20.5.tgz 2107ms (cache miss)
841 http fetch GET 200 https://registry.npmjs.org/@babel/plugin-transform-react-jsx-source/-/plugin-transform-react-jsx-source-7.29.7.tgz 2123ms (cache miss)
842 http fetch GET 200 https://registry.npmjs.org/@types/prop-types/-/prop-types-15.7.15.tgz 2185ms (cache miss)
843 http fetch GET 200 https://registry.npmjs.org/@babel/plugin-transform-react-jsx-self/-/plugin-transform-react-jsx-self-7.29.7.tgz 2291ms (cache miss)
844 http fetch GET 200 https://registry.npmjs.org/json5/-/json5-2.2.3.tgz 2344ms (cache miss)
845 http fetch GET 200 https://registry.npmjs.org/react-refresh/-/react-refresh-0.17.0.tgz 2409ms (cache miss)
846 http fetch GET 200 https://registry.npmjs.org/@babel/helper-module-imports/-/helper-module-imports-7.29.7.tgz 2468ms (cache miss)
847 http fetch GET 200 https://registry.npmjs.org/@babel/code-frame/-/code-frame-7.29.7.tgz 2450ms (cache miss)
848 http fetch GET 200 https://registry.npmjs.org/@vitejs/plugin-react/-/plugin-react-4.7.0.tgz 2486ms (cache miss)
849 http fetch GET 200 https://registry.npmjs.org/@jridgewell/sourcemap-codec/-/sourcemap-codec-1.6.0.tgz 2618ms (cache miss)
850 http fetch GET 200 https://registry.npmjs.org/@babel/helper-compilation-targets/-/helper-compilation-targets-7.29.7.tgz 2628ms (cache miss)
851 http fetch GET 200 https://registry.npmjs.org/csstype/-/csstype-3.2.3.tgz 2787ms (cache miss)
852 http fetch GET 200 https://registry.npmjs.org/@babel/helper-module-transforms/-/helper-module-transforms-7.29.7.tgz 2864ms (cache miss)
853 http fetch GET 200 https://registry.npmjs.org/@babel/template/-/template-7.29.7.tgz 2898ms (cache miss)
854 http fetch GET 200 https://registry.npmjs.org/@babel/parser/-/parser-7.29.9.tgz 2902ms (cache miss)
855 http fetch GET 200 https://registry.npmjs.org/@types/react/-/react-18.3.31.tgz 2881ms (cache miss)
856 http fetch GET 200 https://registry.npmjs.org/react/-/react-18.3.1.tgz 3037ms (cache miss)
857 http fetch GET 200 https://registry.npmjs.org/@types/react-dom/-/react-dom-18.3.7.tgz 3064ms (cache miss)
858 http fetch GET 200 https://registry.npmjs.org/@jridgewell/gen-mapping/-/gen-mapping-0.3.13.tgz 3155ms (cache miss)
859 http fetch GET 200 https://registry.npmjs.org/@jridgewell/remapping/-/remapping-2.3.5.tgz 3224ms (cache miss)
860 http fetch GET 200 https://registry.npmjs.org/rollup/-/rollup-4.63.6.tgz 3376ms (cache miss)
861 http fetch GET 200 https://registry.npmjs.org/postcss/-/postcss-8.5.28.tgz 3593ms (cache miss)
862 http fetch GET 200 https://registry.npmjs.org/@jridgewell/trace-mapping/-/trace-mapping-0.3.31.tgz 3717ms (cache miss)
863 http fetch GET 200 https://registry.npmjs.org/@babel/generator/-/generator-7.29.8.tgz 4501ms (cache miss)
864 http fetch GET 200 https://registry.npmjs.org/yallist/-/yallist-3.1.1.tgz 4970ms (cache miss)
865 http fetch GET 200 https://registry.npmjs.org/vite/-/vite-5.4.21.tgz 4986ms (cache miss)
866 http fetch GET 200 https://registry.npmjs.org/@babel/traverse/-/traverse-7.29.8.tgz 5204ms (cache miss)
867 http fetch GET 200 https://registry.npmjs.org/scheduler/-/scheduler-0.23.2.tgz 5311ms (cache miss)
868 http fetch GET 200 https://registry.npmjs.org/@esbuild/win32-x64/-/win32-x64-0.21.5.tgz 5341ms (cache miss)
869 http fetch GET 200 https://registry.npmjs.org/react-dom/-/react-dom-18.3.1.tgz 5257ms (cache miss)
870 http fetch GET 200 https://registry.npmjs.org/@babel/core/-/core-7.29.7.tgz 6249ms (cache miss)
871 http fetch GET 200 https://registry.npmjs.org/@babel/types/-/types-7.29.8.tgz 7068ms (cache miss)
872 http fetch GET 200 https://registry.npmjs.org/@babel/helpers/-/helpers-7.29.7.tgz 7459ms (cache miss)
873 http fetch GET 200 https://registry.npmjs.org/typescript/-/typescript-5.9.3.tgz 7742ms (cache miss)
874 http fetch GET 200 https://registry.npmjs.org/caniuse-lite/-/caniuse-lite-1.0.30001814.tgz 10303ms (cache miss)
875 info run esbuild@0.21.5 postinstall node_modules/esbuild node install.js
876 info run esbuild@0.21.5 postinstall { code: 'EPERM', signal: undefined }
877 warn cleanup Failed to remove some directories [
877 warn cleanup   [
877 warn cleanup     '\\\\?\\E:\\travel_agent\\frontend\\node_modules',
877 warn cleanup     [Error: EPERM: operation not permitted, rmdir 'E:\travel_agent\frontend\node_modules\caniuse-lite'] {
877 warn cleanup       errno: -4048,
877 warn cleanup       code: 'EPERM',
877 warn cleanup       syscall: 'rmdir',
877 warn cleanup       path: 'E:\\travel_agent\\frontend\\node_modules\\caniuse-lite'
877 warn cleanup     }
877 warn cleanup   ],
877 warn cleanup   [
877 warn cleanup     '\\\\?\\E:\\travel_agent\\frontend\\node_modules\\@babel\\traverse',
877 warn cleanup     [Error: EPERM: operation not permitted, rmdir 'E:\travel_agent\frontend\node_modules\@babel\traverse'] {
877 warn cleanup       errno: -4048,
877 warn cleanup       code: 'EPERM',
877 warn cleanup       syscall: 'rmdir',
877 warn cleanup       path: 'E:\\travel_agent\\frontend\\node_modules\\@babel\\traverse'
877 warn cleanup     }
877 warn cleanup   ]
877 warn cleanup ]
878 verbose stack Error: spawn EPERM
878 verbose stack     at ChildProcess.spawn (node:internal/child_process:421:11)
878 verbose stack     at spawn (node:child_process:796:9)
878 verbose stack     at promiseSpawn (C:\Program Files\nodejs\node_modules\npm\node_modules\@npmcli\promise-spawn\lib\index.js:39:16)
878 verbose stack     at spawnWithShell (C:\Program Files\nodejs\node_modules\npm\node_modules\@npmcli\promise-spawn\lib\index.js:124:10)
878 verbose stack     at promiseSpawn (C:\Program Files\nodejs\node_modules\npm\node_modules\@npmcli\promise-spawn\lib\index.js:12:12)
878 verbose stack     at runScriptPkg (C:\Program Files\nodejs\node_modules\npm\node_modules\@npmcli\run-script\lib\run-script-pkg.js:79:13)
878 verbose stack     at runScript (C:\Program Files\nodejs\node_modules\npm\node_modules\@npmcli\run-script\lib\run-script.js:9:12)
878 verbose stack     at C:\Program Files\nodejs\node_modules\npm\node_modules\@npmcli\arborist\lib\arborist\rebuild.js:327:17
878 verbose stack     at run (C:\Program Files\nodejs\node_modules\npm\node_modules\promise-call-limit\dist\commonjs\index.js:67:22)
878 verbose stack     at C:\Program Files\nodejs\node_modules\npm\node_modules\promise-call-limit\dist\commonjs\index.js:84:9
879 error code EPERM
880 error syscall spawn
881 error errno -4048
882 error Error: spawn EPERM
882 error     at ChildProcess.spawn (node:internal/child_process:421:11)
882 error     at spawn (node:child_process:796:9)
882 error     at promiseSpawn (C:\Program Files\nodejs\node_modules\npm\node_modules\@npmcli\promise-spawn\lib\index.js:39:16)
882 error     at spawnWithShell (C:\Program Files\nodejs\node_modules\npm\node_modules\@npmcli\promise-spawn\lib\index.js:124:10)
882 error     at promiseSpawn (C:\Program Files\nodejs\node_modules\npm\node_modules\@npmcli\promise-spawn\lib\index.js:12:12)
882 error     at runScriptPkg (C:\Program Files\nodejs\node_modules\npm\node_modules\@npmcli\run-script\lib\run-script-pkg.js:79:13)
882 error     at runScript (C:\Program Files\nodejs\node_modules\npm\node_modules\@npmcli\run-script\lib\run-script.js:9:12)
882 error     at C:\Program Files\nodejs\node_modules\npm\node_modules\@npmcli\arborist\lib\arborist\rebuild.js:327:17
882 error     at run (C:\Program Files\nodejs\node_modules\npm\node_modules\promise-call-limit\dist\commonjs\index.js:67:22)
882 error     at C:\Program Files\nodejs\node_modules\npm\node_modules\promise-call-limit\dist\commonjs\index.js:84:9 {
882 error   errno: -4048,
882 error   code: 'EPERM',
882 error   syscall: 'spawn'
882 error }
883 error
883 error The operation was rejected by your operating system.
883 error It's possible that the file was already in use (by a text editor or antivirus),
883 error or that you lack permissions to access it.
883 error
883 error If you believe this might be a permissions issue, please double-check the
883 error permissions of the file and its containing directories, or try running
883 error the command again as root/Administrator.
884 silly unfinished npm timer reify 1790941900190
885 silly unfinished npm timer reify:build 1790941925117
886 silly unfinished npm timer build 1790941925117
887 silly unfinished npm timer build:deps 1790941925118
888 silly unfinished npm timer build:run:postinstall 1790941925955
889 silly unfinished npm timer build:run:postinstall:node_modules/esbuild 1790941925956
890 verbose cwd E:\travel_agent\frontend
891 verbose os Windows_NT 10.0.19045
892 verbose node v24.13.1
893 verbose npm  v11.8.0
894 notice
894 notice New minor version of npm available! 11.8.0 -> 11.21.0
894 notice Changelog: https://github.com/npm/cli/releases/tag/v11.21.0
894 notice To update run: npm install -g npm@11.21.0
894 notice  { force: true, Symbol(proc-log.meta): true }
895 verbose exit -4048
896 verbose code -4048
897 error A complete log of this run can be found in: E:\travel_agent\frontend\.npm-cache\_logs\2026-10-02T11_51_34_681Z-debug-0.log
